+ cmake --preset benchmark
Preset CMake variables:

  BUILD_TESTING:BOOL="FALSE"
  CMAKE_BUILD_TYPE="Release"
  CMAKE_EXPORT_COMPILE_COMMANDS:BOOL="TRUE"
  TINYLSM_BENCHMARK_LEVELDB:BOOL="TRUE"
  TINYLSM_BUILD_BENCHMARKS:BOOL="TRUE"
  TINYLSM_BUILD_TOOLS:BOOL="FALSE"

--
-- 29.3.0
-- Google Benchmark version: v1.9.5, normalized to 1.9.5
-- Configuring done (0.2s)
-- Generating done (0.0s)
-- Build files have been written to: /home/tina.guest/tinylsm-goal2-daebc4a/build/benchmark
+ cmake --build --preset benchmark
ninja: no work to do.
+ /home/tina.guest/tinylsm-goal2-daebc4a/build/benchmark/benchmarks/tinylsm_bench --benchmark_filter=\^TinyLSM/WriteFlushLatency\(Async\|Sync\)/ --benchmark_out=/home/tina.guest/tinylsm-goal2-results/run4/write-goal2.json --benchmark_out_format=json --benchmark_report_aggregates_only=true --benchmark_display_aggregates_only=true --benchmark_enable_random_interleaving=true
2026-09-07T23:41:28+08:00
Running /home/tina.guest/tinylsm-goal2-daebc4a/build/benchmark/benchmarks/tinylsm_bench
Run on (4 X 48 MHz CPU s)
Load Average: 0.99, 1.63, 2.05
-----------------------------------------------------------------------------------------------------------------------------------
Benchmark                                                                         Time             CPU   Iterations UserCounters...
-----------------------------------------------------------------------------------------------------------------------------------
TinyLSM/WriteFlushLatencySync/iterations:1/repeats:5/manual_time_mean    4146136458 ns    344057275 ns            5 background_flushes=26 background_queue_depth_max=1 bytes_per_second=1.25202Mi/s flush_stall_ns=50.7577M items_per_second=4.8266k/s memtable_rotations=26 operations=20k ops_per_second=4.8266k/s put_p50_us=183.648 put_p95_us=216.005 put_p99_us=277.125 wal_syncs=20k
TinyLSM/WriteFlushLatencySync/iterations:1/repeats:5/manual_time_median  4190620950 ns    344875408 ns            5 background_flushes=26 background_queue_depth_max=1 bytes_per_second=1.238Mi/s flush_stall_ns=50.731M items_per_second=4.77256k/s memtable_rotations=26 operations=20k ops_per_second=4.77256k/s put_p50_us=183.283 put_p95_us=217.234 put_p99_us=279.308 wal_syncs=20k
TinyLSM/WriteFlushLatencySync/iterations:1/repeats:5/manual_time_stddev   111814142 ns      8155503 ns            5 background_flushes=216.58n background_queue_depth_max=8.33n bytes_per_second=34.9278Ki/s flush_stall_ns=14.679M items_per_second=131.493/s memtable_rotations=216.58n operations=166.6u ops_per_second=131.493/s put_p50_us=2.17926 put_p95_us=3.71778 put_p99_us=17.9406 wal_syncs=166.6u
TinyLSM/WriteFlushLatencySync/iterations:1/repeats:5/manual_time_cv            2.70 %          2.37 %             5 background_flushes=0.00% background_queue_depth_max=0.00% bytes_per_second=2.72% flush_stall_ns=28.92% items_per_second=2.72% memtable_rotations=0.00% operations=0.00% ops_per_second=2.72% put_p50_us=1.19% put_p95_us=1.72% put_p99_us=6.47% wal_syncs=0.00%
TinyLSM/WriteFlushLatencyAsync/iterations:1/repeats:5/manual_time_mean    789368759 ns    307310100 ns            5 background_flushes=134 background_queue_depth_max=1 bytes_per_second=32.8782Mi/s flush_stall_ns=365.311M items_per_second=126.747k/s memtable_rotations=134 operations=100k ops_per_second=126.747k/s put_p50_us=2.4688 put_p95_us=5.2804 put_p99_us=6.479 wal_syncs=0
TinyLSM/WriteFlushLatencyAsync/iterations:1/repeats:5/manual_time_median  785083255 ns    306945792 ns            5 background_flushes=134 background_queue_depth_max=1 bytes_per_second=33.041Mi/s flush_stall_ns=362.846M items_per_second=127.375k/s memtable_rotations=134 operations=100k ops_per_second=127.375k/s put_p50_us=2.466 put_p95_us=5.274 put_p99_us=6.327 wal_syncs=0
TinyLSM/WriteFlushLatencyAsync/iterations:1/repeats:5/manual_time_stddev   19841177 ns      6347602 ns            5 background_flushes=1.11622u background_queue_depth_max=8.33n bytes_per_second=842.225Ki/s flush_stall_ns=12.9601M items_per_second=3.17073k/s memtable_rotations=1.11622u operations=833u ops_per_second=3.17073k/s put_p50_us=0.0116276 put_p95_us=0.0278891 put_p99_us=0.399241 wal_syncs=0
TinyLSM/WriteFlushLatencyAsync/iterations:1/repeats:5/manual_time_cv           2.51 %          2.07 %             5 background_flushes=0.00% background_queue_depth_max=0.00% bytes_per_second=2.50% flush_stall_ns=3.55% items_per_second=2.50% memtable_rotations=0.00% operations=0.00% ops_per_second=2.50% put_p50_us=0.47% put_p95_us=0.53% put_p99_us=6.16% wal_syncs=0.00%
	Command being timed: "./run benchmark -- --benchmark_filter=^TinyLSM/WriteFlushLatency(Async|Sync)/ --benchmark_out=/home/tina.guest/tinylsm-goal2-results/run4/write-goal2.json --benchmark_out_format=json --benchmark_report_aggregates_only=true --benchmark_display_aggregates_only=true --benchmark_enable_random_interleaving=true"
	User time (seconds): 4.46
	System time (seconds): 1.86
	Percent of CPU this job got: 25%
	Elapsed (wall clock) time (h:mm:ss or m:ss): 0:24.77
	Average shared text size (kbytes): 0
	Average unshared data size (kbytes): 0
	Average stack size (kbytes): 0
	Average total size (kbytes): 0
	Maximum resident set size (kbytes): 34304
	Average resident set size (kbytes): 0
	Major (requiring I/O) page faults: 0
	Minor (reclaiming a frame) page faults: 64181
	Voluntary context switches: 371963
	Involuntary context switches: 56
	Swaps: 0
	File system inputs: 0
	File system outputs: 1525848
	Socket messages sent: 0
	Socket messages received: 0
	Signals delivered: 0
	Page size (bytes): 4096
	Exit status: 0
