+ cmake --preset benchmark
Preset CMake variables:

  BUILD_TESTING:BOOL="FALSE"
  CMAKE_BUILD_TYPE="Release"
  CMAKE_EXPORT_COMPILE_COMMANDS:BOOL="TRUE"
  TINYLSM_BENCHMARK_LEVELDB:BOOL="TRUE"
  TINYLSM_BUILD_BENCHMARKS:BOOL="TRUE"
  TINYLSM_BUILD_TOOLS:BOOL="FALSE"

-- 
-- 29.3.0
-- Google Benchmark version: v1.9.5, normalized to 1.9.5
-- Configuring done (0.2s)
-- Generating done (0.0s)
-- Build files have been written to: /home/tina.guest/tinylsm-writefix-source/tinylsm/build/benchmark
+ cmake --build --preset benchmark
ninja: no work to do.
+ /home/tina.guest/tinylsm-writefix-source/tinylsm/build/benchmark/benchmarks/tinylsm_bench --benchmark_filter=\^TinyLSM/\(SnapshotWriterOverlap\(MaterializedScan\|Iterator\)\|GroupCommit\(On\|Off\)\) --benchmark_out=/home/tina.guest/tinylsm-perf-results/20260909-write-regression-fix/run2/next-goals.json --benchmark_out_format=json --benchmark_report_aggregates_only=true --benchmark_display_aggregates_only=true --benchmark_enable_random_interleaving=true
2026-09-09T17:01:34+08:00
Running /home/tina.guest/tinylsm-writefix-source/tinylsm/build/benchmark/benchmarks/tinylsm_bench
Run on (4 X 48 MHz CPU s)
Load Average: 2.94, 3.12, 1.55
--------------------------------------------------------------------------------------------------------------------------------------------------
Benchmark                                                                                        Time             CPU   Iterations UserCounters...
--------------------------------------------------------------------------------------------------------------------------------------------------
TinyLSM/GroupCommitOn8Writers/iterations:1/repeats:5/manual_time_mean                    631745261 ns      1349233 ns            5 bytes_per_second=3.36553Mi/s grouped_requests=8.192k items_per_second=12.9743k/s max_group_requests=8 max_writer_queue_depth=7 operations=8.192k ops_per_second=12.9743k/s physical_groups=3.0476k put_p50_us=418.481 put_p95_us=500.844 put_p99_us=540.029 wal_syncs=3.0476k wal_syncs_per_write=0.372021 writer_count=8 writer_queue_wait_us=3.75391M
TinyLSM/GroupCommitOn8Writers/iterations:1/repeats:5/manual_time_median                  627959345 ns      1377710 ns            5 bytes_per_second=3.38398Mi/s grouped_requests=8.192k items_per_second=13.0454k/s max_group_requests=8 max_writer_queue_depth=7 operations=8.192k ops_per_second=13.0454k/s physical_groups=3.051k put_p50_us=417.314 put_p95_us=506.486 put_p99_us=546.447 wal_syncs=3.051k wal_syncs_per_write=0.372437 writer_count=8 writer_queue_wait_us=3.78435M
TinyLSM/GroupCommitOn8Writers/iterations:1/repeats:5/manual_time_stddev                   16472641 ns        74022 ns            5 bytes_per_second=90.1512Ki/s grouped_requests=68.2394u items_per_second=339.393/s max_group_requests=66.64n max_writer_queue_depth=58.31n operations=68.2394u ops_per_second=339.393/s physical_groups=7.4027 put_p50_us=10.6231 put_p95_us=13.4618 put_p99_us=16.1992 wal_syncs=7.4027 wal_syncs_per_write=903.65u writer_count=66.64n writer_queue_wait_us=116.612k
TinyLSM/GroupCommitOn8Writers/iterations:1/repeats:5/manual_time_cv                           2.61 %          5.49 %             5 bytes_per_second=2.62% grouped_requests=0.00% items_per_second=2.62% max_group_requests=0.00% max_writer_queue_depth=0.00% operations=0.00% ops_per_second=2.62% physical_groups=0.24% put_p50_us=2.54% put_p95_us=2.69% put_p99_us=3.00% wal_syncs=0.24% wal_syncs_per_write=0.24% writer_count=0.00% writer_queue_wait_us=3.11%
TinyLSM/GroupCommitOff16Writers/iterations:1/repeats:5/manual_time_mean                 1575319629 ns      1350776 ns            5 bytes_per_second=1.35099Mi/s grouped_requests=8.192k items_per_second=5.20814k/s max_group_requests=1 max_writer_queue_depth=15 operations=8.192k ops_per_second=5.20814k/s physical_groups=8.192k put_p50_us=2.81605k put_p95_us=3.03413k put_p99_us=3.88001k wal_syncs=8.192k wal_syncs_per_write=1 writer_count=16 writer_queue_wait_us=23.727M
TinyLSM/GroupCommitOff16Writers/iterations:1/repeats:5/manual_time_median               1557932349 ns      1298458 ns            5 bytes_per_second=1.36399Mi/s grouped_requests=8.192k items_per_second=5.25825k/s max_group_requests=1 max_writer_queue_depth=15 operations=8.192k ops_per_second=5.25825k/s physical_groups=8.192k put_p50_us=2.83115k put_p95_us=3.02141k put_p99_us=3.41119k wal_syncs=8.192k wal_syncs_per_write=1 writer_count=16 writer_queue_wait_us=23.4095M
TinyLSM/GroupCommitOff16Writers/iterations:1/repeats:5/manual_time_stddev                 69583812 ns       117701 ns            5 bytes_per_second=59.6417Ki/s grouped_requests=68.2394u items_per_second=224.533/s max_group_requests=8.33n max_writer_queue_depth=124.95n operations=68.2394u ops_per_second=224.533/s physical_groups=68.2394u put_p50_us=74.4151 put_p95_us=103.13 put_p99_us=969.335 wal_syncs=68.2394u wal_syncs_per_write=8.33n writer_count=133.28n writer_queue_wait_us=1.14387M
TinyLSM/GroupCommitOff16Writers/iterations:1/repeats:5/manual_time_cv                         4.42 %          8.71 %             5 bytes_per_second=4.31% grouped_requests=0.00% items_per_second=4.31% max_group_requests=0.00% max_writer_queue_depth=0.00% operations=0.00% ops_per_second=4.31% physical_groups=0.00% put_p50_us=2.64% put_p95_us=3.40% put_p99_us=24.98% wal_syncs=0.00% wal_syncs_per_write=0.00% writer_count=0.00% writer_queue_wait_us=4.82%
TinyLSM/GroupCommitOn1Writers/iterations:1/repeats:5/manual_time_mean                   1581737155 ns       897241 ns            5 bytes_per_second=1.34372Mi/s grouped_requests=8.192k items_per_second=5.18011k/s max_group_requests=8 max_writer_queue_depth=1 operations=8.192k ops_per_second=5.18011k/s physical_groups=8.192k put_p50_us=187.944 put_p95_us=220.303 put_p99_us=271.873 wal_syncs=8.192k wal_syncs_per_write=1 writer_count=1 writer_queue_wait_us=1.57952M
TinyLSM/GroupCommitOn1Writers/iterations:1/repeats:5/manual_time_median                 1583267248 ns       873416 ns            5 bytes_per_second=1.34216Mi/s grouped_requests=8.192k items_per_second=5.17411k/s max_group_requests=8 max_writer_queue_depth=1 operations=8.192k ops_per_second=5.17411k/s physical_groups=8.192k put_p50_us=186.343 put_p95_us=220.303 put_p99_us=271.598 wal_syncs=8.192k wal_syncs_per_write=1 writer_count=1 writer_queue_wait_us=1.58098M
TinyLSM/GroupCommitOn1Writers/iterations:1/repeats:5/manual_time_stddev                   24509384 ns        66450 ns            5 bytes_per_second=21.3197Ki/s grouped_requests=68.2394u items_per_second=80.2625/s max_group_requests=66.64n max_writer_queue_depth=8.33n operations=68.2394u ops_per_second=80.2625/s physical_groups=68.2394u put_p50_us=2.74592 put_p95_us=2.1818 put_p99_us=6.42218 wal_syncs=68.2394u wal_syncs_per_write=8.33n writer_count=8.33n writer_queue_wait_us=24.5098k
TinyLSM/GroupCommitOn1Writers/iterations:1/repeats:5/manual_time_cv                           1.55 %          7.41 %             5 bytes_per_second=1.55% grouped_requests=0.00% items_per_second=1.55% max_group_requests=0.00% max_writer_queue_depth=0.00% operations=0.00% ops_per_second=1.55% physical_groups=0.00% put_p50_us=1.46% put_p95_us=0.99% put_p99_us=2.36% wal_syncs=0.00% wal_syncs_per_write=0.00% writer_count=0.00% writer_queue_wait_us=1.55%
TinyLSM/SnapshotWriterOverlapMaterializedScan/iterations:1/repeats:5/manual_time_mean     19655482 ns    173262441 ns            5 bytes_per_second=608.322Mi/s items_per_second=5.4989M/s operations=105k ops_per_second=5.4989M/s write_lock_acquisitions=5k write_lock_wait_ns=6.02284M writer_p50_us=1.8836 writer_p95_us=2.9834 writer_p99_us=3.8254
TinyLSM/SnapshotWriterOverlapMaterializedScan/iterations:1/repeats:5/manual_time_median   20779469 ns    171971748 ns            5 bytes_per_second=559.001Mi/s items_per_second=5.05306M/s operations=105k ops_per_second=5.05306M/s write_lock_acquisitions=5k write_lock_wait_ns=6.46459M writer_p50_us=1.875 writer_p95_us=2.917 writer_p99_us=4.084
TinyLSM/SnapshotWriterOverlapMaterializedScan/iterations:1/repeats:5/manual_time_stddev    3516802 ns      6378962 ns            5 bytes_per_second=122.326Mi/s items_per_second=1.10576M/s operations=874.65u ops_per_second=1.10576M/s write_lock_acquisitions=41.65u write_lock_wait_ns=1.5902M writer_p50_us=0.0805034 writer_p95_us=0.370823 writer_p99_us=0.645445
TinyLSM/SnapshotWriterOverlapMaterializedScan/iterations:1/repeats:5/manual_time_cv          17.89 %          3.68 %             5 bytes_per_second=20.11% items_per_second=20.11% operations=0.00% ops_per_second=20.11% write_lock_acquisitions=0.00% write_lock_wait_ns=26.40% writer_p50_us=4.27% writer_p95_us=12.43% writer_p99_us=16.87%
TinyLSM/GroupCommitOff8Writers/iterations:1/repeats:5/manual_time_mean                  1617014064 ns      1298442 ns            5 bytes_per_second=1.31428Mi/s grouped_requests=8.192k items_per_second=5.06662k/s max_group_requests=1 max_writer_queue_depth=7 operations=8.192k ops_per_second=5.06662k/s physical_groups=8.192k put_p50_us=1.36227k put_p95_us=1.48786k put_p99_us=1.56868k wal_syncs=8.192k wal_syncs_per_write=1 writer_count=8 writer_queue_wait_us=11.543M
TinyLSM/GroupCommitOff8Writers/iterations:1/repeats:5/manual_time_median                1622298656 ns      1331791 ns            5 bytes_per_second=1.30987Mi/s grouped_requests=8.192k items_per_second=5.04963k/s max_group_requests=1 max_writer_queue_depth=7 operations=8.192k ops_per_second=5.04963k/s physical_groups=8.192k put_p50_us=1.35512k put_p95_us=1.48875k put_p99_us=1.58029k wal_syncs=8.192k wal_syncs_per_write=1 writer_count=8 writer_queue_wait_us=11.5795M
TinyLSM/GroupCommitOff8Writers/iterations:1/repeats:5/manual_time_stddev                  17703578 ns        96465 ns            5 bytes_per_second=14.8077Ki/s grouped_requests=68.2394u items_per_second=55.7467/s max_group_requests=8.33n max_writer_queue_depth=58.31n operations=68.2394u ops_per_second=55.7467/s physical_groups=68.2394u put_p50_us=12.2843 put_p95_us=10.8664 put_p99_us=22.0453 wal_syncs=68.2394u wal_syncs_per_write=8.33n writer_count=66.64n writer_queue_wait_us=95.3384k
TinyLSM/GroupCommitOff8Writers/iterations:1/repeats:5/manual_time_cv                          1.09 %          7.43 %             5 bytes_per_second=1.10% grouped_requests=0.00% items_per_second=1.10% max_group_requests=0.00% max_writer_queue_depth=0.00% operations=0.00% ops_per_second=1.10% physical_groups=0.00% put_p50_us=0.90% put_p95_us=0.73% put_p99_us=1.41% wal_syncs=0.00% wal_syncs_per_write=0.00% writer_count=0.00% writer_queue_wait_us=0.83%
TinyLSM/GroupCommitOff1Writers/iterations:1/repeats:5/manual_time_mean                  1538595379 ns      1211650 ns            5 bytes_per_second=1.38334Mi/s grouped_requests=8.192k items_per_second=5.33286k/s max_group_requests=1 max_writer_queue_depth=1 operations=8.192k ops_per_second=5.33286k/s physical_groups=8.192k put_p50_us=182.885 put_p95_us=215.728 put_p99_us=260.755 wal_syncs=8.192k wal_syncs_per_write=1 writer_count=1 writer_queue_wait_us=1.53625M
TinyLSM/GroupCommitOff1Writers/iterations:1/repeats:5/manual_time_median                1532539478 ns       780416 ns            5 bytes_per_second=1.38659Mi/s grouped_requests=8.192k items_per_second=5.34538k/s max_group_requests=1 max_writer_queue_depth=1 operations=8.192k ops_per_second=5.34538k/s physical_groups=8.192k put_p50_us=183.176 put_p95_us=215.511 put_p99_us=259.639 wal_syncs=8.192k wal_syncs_per_write=1 writer_count=1 writer_queue_wait_us=1.53017M
TinyLSM/GroupCommitOff1Writers/iterations:1/repeats:5/manual_time_stddev                  70046934 ns       931320 ns            5 bytes_per_second=62.2201Ki/s grouped_requests=68.2394u items_per_second=234.24/s max_group_requests=8.33n max_writer_queue_depth=8.33n operations=68.2394u ops_per_second=234.24/s physical_groups=68.2394u put_p50_us=6.17962 put_p95_us=7.39344 put_p99_us=5.04079 wal_syncs=68.2394u wal_syncs_per_write=8.33n writer_count=8.33n writer_queue_wait_us=69.8202k
TinyLSM/GroupCommitOff1Writers/iterations:1/repeats:5/manual_time_cv                          4.55 %         76.86 %             5 bytes_per_second=4.39% grouped_requests=0.00% items_per_second=4.39% max_group_requests=0.00% max_writer_queue_depth=0.00% operations=0.00% ops_per_second=4.39% physical_groups=0.00% put_p50_us=3.38% put_p95_us=3.43% put_p99_us=1.93% wal_syncs=0.00% wal_syncs_per_write=0.00% writer_count=0.00% writer_queue_wait_us=4.54%
TinyLSM/GroupCommitOn16Writers/iterations:1/repeats:5/manual_time_mean                   356136606 ns      1304533 ns            5 bytes_per_second=5.96765Mi/s grouped_requests=8.192k items_per_second=23.0056k/s max_group_requests=8 max_writer_queue_depth=15 operations=8.192k ops_per_second=23.0056k/s physical_groups=1.531k put_p50_us=491.909 put_p95_us=564.78 put_p99_us=599.398 wal_syncs=1.531k wal_syncs_per_write=0.18689 writer_count=16 writer_queue_wait_us=4.18874M
TinyLSM/GroupCommitOn16Writers/iterations:1/repeats:5/manual_time_median                 356600776 ns      1319249 ns            5 bytes_per_second=5.95904Mi/s grouped_requests=8.192k items_per_second=22.9725k/s max_group_requests=8 max_writer_queue_depth=15 operations=8.192k ops_per_second=22.9725k/s physical_groups=1.531k put_p50_us=493.192 put_p95_us=560.323 put_p99_us=593.783 wal_syncs=1.531k wal_syncs_per_write=0.18689 writer_count=16 writer_queue_wait_us=4.19266M
TinyLSM/GroupCommitOn16Writers/iterations:1/repeats:5/manual_time_stddev                   4708577 ns        87901 ns            5 bytes_per_second=80.8831Ki/s grouped_requests=68.2394u items_per_second=304.501/s max_group_requests=66.64n max_writer_queue_depth=124.95n operations=68.2394u ops_per_second=304.501/s physical_groups=1 put_p50_us=9.15091 put_p95_us=9.77054 put_p99_us=17.3055 wal_syncs=1 wal_syncs_per_write=122.07u writer_count=133.28n writer_queue_wait_us=69.872k
TinyLSM/GroupCommitOn16Writers/iterations:1/repeats:5/manual_time_cv                          1.32 %          6.74 %             5 bytes_per_second=1.32% grouped_requests=0.00% items_per_second=1.32% max_group_requests=0.00% max_writer_queue_depth=0.00% operations=0.00% ops_per_second=1.32% physical_groups=0.07% put_p50_us=1.86% put_p95_us=1.73% put_p99_us=2.89% wal_syncs=0.07% wal_syncs_per_write=0.07% writer_count=0.00% writer_queue_wait_us=1.67%
TinyLSM/GroupCommitOn4Writers/iterations:1/repeats:5/manual_time_mean                   1225081100 ns      1051607 ns            5 bytes_per_second=1.73515Mi/s grouped_requests=8.192k items_per_second=6.68911k/s max_group_requests=8 max_writer_queue_depth=3 operations=8.192k ops_per_second=6.68911k/s physical_groups=6.1056k put_p50_us=383.454 put_p95_us=450.565 put_p99_us=496.935 wal_syncs=6.1056k wal_syncs_per_write=0.745313 writer_count=4 writer_queue_wait_us=3.7248M
TinyLSM/GroupCommitOn4Writers/iterations:1/repeats:5/manual_time_median                 1221798672 ns      1009831 ns            5 bytes_per_second=1.73924Mi/s grouped_requests=8.192k items_per_second=6.70487k/s max_group_requests=8 max_writer_queue_depth=3 operations=8.192k ops_per_second=6.70487k/s physical_groups=6.117k put_p50_us=389.854 put_p95_us=452.023 put_p99_us=500.902 wal_syncs=6.117k wal_syncs_per_write=0.746704 writer_count=4 writer_queue_wait_us=3.74746M
TinyLSM/GroupCommitOn4Writers/iterations:1/repeats:5/manual_time_stddev                   24790340 ns       169435 ns            5 bytes_per_second=36.1965Ki/s grouped_requests=68.2394u items_per_second=136.269/s max_group_requests=66.64n max_writer_queue_depth=24.99n operations=68.2394u ops_per_second=136.269/s physical_groups=36.2946 put_p50_us=11.3946 put_p95_us=11.7261 put_p99_us=14.3648 wal_syncs=36.2946 wal_syncs_per_write=4.4305m writer_count=33.32n writer_queue_wait_us=97.248k
TinyLSM/GroupCommitOn4Writers/iterations:1/repeats:5/manual_time_cv                           2.02 %         16.11 %             5 bytes_per_second=2.04% grouped_requests=0.00% items_per_second=2.04% max_group_requests=0.00% max_writer_queue_depth=0.00% operations=0.00% ops_per_second=2.04% physical_groups=0.59% put_p50_us=2.97% put_p95_us=2.60% put_p99_us=2.89% wal_syncs=0.59% wal_syncs_per_write=0.59% writer_count=0.00% writer_queue_wait_us=2.61%
TinyLSM/GroupCommitOff2Writers/iterations:1/repeats:5/manual_time_mean                  1629922015 ns       984292 ns            5 bytes_per_second=1.30568Mi/s grouped_requests=8.192k items_per_second=5.03347k/s max_group_requests=1 max_writer_queue_depth=1 operations=8.192k ops_per_second=5.03347k/s physical_groups=8.192k put_p50_us=379.929 put_p95_us=441.732 put_p99_us=563.38 wal_syncs=8.192k wal_syncs_per_write=1 writer_count=2 writer_queue_wait_us=3.25579M
TinyLSM/GroupCommitOff2Writers/iterations:1/repeats:5/manual_time_median                1618644166 ns      1009000 ns            5 bytes_per_second=1.31283Mi/s grouped_requests=8.192k items_per_second=5.06103k/s max_group_requests=1 max_writer_queue_depth=1 operations=8.192k ops_per_second=5.06103k/s physical_groups=8.192k put_p50_us=381.27 put_p95_us=442.607 put_p99_us=517.277 wal_syncs=8.192k wal_syncs_per_write=1 writer_count=2 writer_queue_wait_us=3.23347M
TinyLSM/GroupCommitOff2Writers/iterations:1/repeats:5/manual_time_stddev                  70252724 ns        58680 ns            5 bytes_per_second=57.4829Ki/s grouped_requests=68.2394u items_per_second=216.406/s max_group_requests=8.33n max_writer_queue_depth=8.33n operations=68.2394u ops_per_second=216.406/s physical_groups=68.2394u put_p50_us=7.90391 put_p95_us=13.9029 put_p99_us=120.045 wal_syncs=68.2394u wal_syncs_per_write=8.33n writer_count=16.66n writer_queue_wait_us=140.789k
TinyLSM/GroupCommitOff2Writers/iterations:1/repeats:5/manual_time_cv                          4.31 %          5.96 %             5 bytes_per_second=4.30% grouped_requests=0.00% items_per_second=4.30% max_group_requests=0.00% max_writer_queue_depth=0.00% operations=0.00% ops_per_second=4.30% physical_groups=0.00% put_p50_us=2.08% put_p95_us=3.15% put_p99_us=21.31% wal_syncs=0.00% wal_syncs_per_write=0.00% writer_count=0.00% writer_queue_wait_us=4.32%
TinyLSM/SnapshotWriterOverlapIterator/iterations:1/repeats:5/manual_time_mean             16923720 ns    170590449 ns            5 bytes_per_second=695.421Mi/s items_per_second=6.28622M/s operations=105k ops_per_second=6.28622M/s write_lock_acquisitions=5k write_lock_wait_ns=7.07976M writer_p50_us=1.8254 writer_p95_us=2.3086 writer_p99_us=3.025
TinyLSM/SnapshotWriterOverlapIterator/iterations:1/repeats:5/manual_time_median           17587803 ns    171178500 ns            5 bytes_per_second=660.444Mi/s items_per_second=5.97005M/s operations=105k ops_per_second=5.97005M/s write_lock_acquisitions=5k write_lock_wait_ns=7.3243M writer_p50_us=1.792 writer_p95_us=2.333 writer_p99_us=3.125
TinyLSM/SnapshotWriterOverlapIterator/iterations:1/repeats:5/manual_time_stddev            2051092 ns      7202333 ns            5 bytes_per_second=93.8993Mi/s items_per_second=848.798k/s operations=874.65u ops_per_second=848.798k/s write_lock_acquisitions=41.65u write_lock_wait_ns=1.88129M writer_p50_us=0.0543397 writer_p95_us=0.219855 writer_p99_us=0.400737
TinyLSM/SnapshotWriterOverlapIterator/iterations:1/repeats:5/manual_time_cv                  12.12 %          4.22 %             5 bytes_per_second=13.50% items_per_second=13.50% operations=0.00% ops_per_second=13.50% write_lock_acquisitions=0.00% write_lock_wait_ns=26.57% writer_p50_us=2.98% writer_p95_us=9.52% writer_p99_us=13.25%
TinyLSM/GroupCommitOn2Writers/iterations:1/repeats:5/manual_time_mean                   1591338475 ns      1626125 ns            5 bytes_per_second=1.3383Mi/s grouped_requests=8.192k items_per_second=5.15922k/s max_group_requests=8 max_writer_queue_depth=1.2 operations=8.192k ops_per_second=5.15922k/s physical_groups=8.1918k put_p50_us=380.645 put_p95_us=440.632 put_p99_us=498.309 wal_syncs=8.1918k wal_syncs_per_write=0.999976 writer_count=2 writer_queue_wait_us=3.17846M
TinyLSM/GroupCommitOn2Writers/iterations:1/repeats:5/manual_time_median                 1579288312 ns      1035374 ns            5 bytes_per_second=1.34554Mi/s grouped_requests=8.192k items_per_second=5.18715k/s max_group_requests=8 max_writer_queue_depth=1 operations=8.192k ops_per_second=5.18715k/s physical_groups=8.192k put_p50_us=376.436 put_p95_us=438.772 put_p99_us=490.692 wal_syncs=8.192k wal_syncs_per_write=1 writer_count=2 writer_queue_wait_us=3.15413M
TinyLSM/GroupCommitOn2Writers/iterations:1/repeats:5/manual_time_stddev                   84201634 ns       899671 ns            5 bytes_per_second=71.2667Ki/s grouped_requests=68.2394u items_per_second=268.298/s max_group_requests=66.64n max_writer_queue_depth=0.447214 operations=68.2394u ops_per_second=268.298/s physical_groups=0.447214 put_p50_us=18.2017 put_p95_us=20.4214 put_p99_us=45.9591 wal_syncs=0.447214 wal_syncs_per_write=54.5915u writer_count=16.66n writer_queue_wait_us=168.372k
TinyLSM/GroupCommitOn2Writers/iterations:1/repeats:5/manual_time_cv                           5.29 %         55.33 %             5 bytes_per_second=5.20% grouped_requests=0.00% items_per_second=5.20% max_group_requests=0.00% max_writer_queue_depth=37.27% operations=0.00% ops_per_second=5.20% physical_groups=0.01% put_p50_us=4.78% put_p95_us=4.63% put_p99_us=9.22% wal_syncs=0.01% wal_syncs_per_write=0.01% writer_count=0.00% writer_queue_wait_us=5.30%
TinyLSM/GroupCommitOff4Writers/iterations:1/repeats:5/manual_time_mean                  1657916603 ns      1431117 ns            5 bytes_per_second=1.28362Mi/s grouped_requests=8.192k items_per_second=4.94842k/s max_group_requests=1 max_writer_queue_depth=3 operations=8.192k ops_per_second=4.94842k/s physical_groups=8.192k put_p50_us=566.322 put_p95_us=645.193 put_p99_us=729.747 wal_syncs=8.192k wal_syncs_per_write=1 writer_count=4 writer_queue_wait_us=5.43033M
TinyLSM/GroupCommitOff4Writers/iterations:1/repeats:5/manual_time_median                1630191463 ns      1244627 ns            5 bytes_per_second=1.30353Mi/s grouped_requests=8.192k items_per_second=5.02518k/s max_group_requests=1 max_writer_queue_depth=3 operations=8.192k ops_per_second=5.02518k/s physical_groups=8.192k put_p50_us=564.197 put_p95_us=644.659 put_p99_us=697.121 wal_syncs=8.192k wal_syncs_per_write=1 writer_count=4 writer_queue_wait_us=5.34348M
TinyLSM/GroupCommitOff4Writers/iterations:1/repeats:5/manual_time_stddev                  72814428 ns       690687 ns            5 bytes_per_second=55.0328Ki/s grouped_requests=68.2394u items_per_second=207.182/s max_group_requests=8.33n max_writer_queue_depth=24.99n operations=68.2394u ops_per_second=207.182/s physical_groups=68.2394u put_p50_us=11.8541 put_p95_us=18.4679 put_p99_us=76.5786 wal_syncs=68.2394u wal_syncs_per_write=8.33n writer_count=33.32n writer_queue_wait_us=305.234k
TinyLSM/GroupCommitOff4Writers/iterations:1/repeats:5/manual_time_cv                          4.39 %         48.26 %             5 bytes_per_second=4.19% grouped_requests=0.00% items_per_second=4.19% max_group_requests=0.00% max_writer_queue_depth=0.00% operations=0.00% ops_per_second=4.19% physical_groups=0.00% put_p50_us=2.09% put_p95_us=2.86% put_p99_us=10.49% wal_syncs=0.00% wal_syncs_per_write=0.00% writer_count=0.00% writer_queue_wait_us=5.62%
	Command being timed: "./run benchmark -- --benchmark_filter=^TinyLSM/(SnapshotWriterOverlap(MaterializedScan|Iterator)|GroupCommit(On|Off)) --benchmark_out=/home/tina.guest/tinylsm-perf-results/20260909-write-regression-fix/run2/next-goals.json --benchmark_out_format=json --benchmark_report_aggregates_only=true --benchmark_display_aggregates_only=true --benchmark_enable_random_interleaving=true"
	User time (seconds): 4.62
	System time (seconds): 5.14
	Percent of CPU this job got: 14%
	Elapsed (wall clock) time (h:mm:ss or m:ss): 1:09.49
	Average shared text size (kbytes): 0
	Average unshared data size (kbytes): 0
	Average stack size (kbytes): 0
	Average total size (kbytes): 0
	Maximum resident set size (kbytes): 204424
	Average resident set size (kbytes): 0
	Major (requiring I/O) page faults: 0
	Minor (reclaiming a frame) page faults: 373620
	Voluntary context switches: 983299
	Involuntary context switches: 966
	Swaps: 0
	File system inputs: 0
	File system outputs: 3250856
	Socket messages sent: 0
	Socket messages received: 0
	Signals delivered: 0
	Page size (bytes): 4096
	Exit status: 0
