TinyLSM/SnapshotMaterializedScan10K	real_time_cv_percent=0.211
TinyLSM/SnapshotIterator10K	real_time_cv_percent=1.399
TinyLSM/SnapshotMaterializedScan100K	real_time_cv_percent=1.549
TinyLSM/SnapshotIterator100K	real_time_cv_percent=2.412
TinyLSM/SnapshotMaterializedScan1000K	real_time_cv_percent=0.722
TinyLSM/SnapshotIterator1000K	real_time_cv_percent=0.040
TinyLSM/SnapshotRetentionHeld0s	real_time_cv_percent=1.857
TinyLSM/SnapshotRetentionHeld10s	real_time_cv_percent=1.981
TinyLSM/SnapshotRetentionHeld60s	real_time_cv_percent=0.541
TinyLSM/SnapshotRetentionReleased60s	real_time_cv_percent=3.352
TinyLSM/SnapshotWriterOverlapMaterializedScan	real_time_cv_percent=1.736
TinyLSM/SnapshotWriterOverlapIterator	real_time_cv_percent=0.400
TinyLSM/SstableDataBlockEncodeV1Prefix	real_time_cv_percent=0.671
TinyLSM/SstableDataBlockLookupV1Prefix	real_time_cv_percent=0.367
TinyLSM/SstableDataBlockEncodeV2PrefixRestart4	real_time_cv_percent=1.034
TinyLSM/SstableDataBlockLookupV2PrefixRestart4	real_time_cv_percent=0.357
TinyLSM/SstableDataBlockEncodeV2PrefixRestart16	real_time_cv_percent=1.087
TinyLSM/SstableDataBlockLookupV2PrefixRestart16	real_time_cv_percent=1.029
TinyLSM/SstableDataBlockEncodeV2PrefixRestart64	real_time_cv_percent=3.645
TinyLSM/SstableDataBlockLookupV2PrefixRestart64	real_time_cv_percent=0.585
TinyLSM/SstableDataBlockEncodeV1Random	real_time_cv_percent=1.027
TinyLSM/SstableDataBlockLookupV1Random	real_time_cv_percent=1.527
TinyLSM/SstableDataBlockEncodeV2RandomRestart4	real_time_cv_percent=0.340
TinyLSM/SstableDataBlockLookupV2RandomRestart4	real_time_cv_percent=0.098
TinyLSM/SstableDataBlockEncodeV2RandomRestart16	real_time_cv_percent=0.502
TinyLSM/SstableDataBlockLookupV2RandomRestart16	real_time_cv_percent=0.534
TinyLSM/SstableDataBlockEncodeV2RandomRestart64	real_time_cv_percent=0.694
TinyLSM/SstableDataBlockLookupV2RandomRestart64	real_time_cv_percent=0.779
TinyLSM/GroupCommitOff1Writers	real_time_cv_percent=0.805
TinyLSM/GroupCommitOn1Writers	real_time_cv_percent=0.204
TinyLSM/GroupCommitOff2Writers	real_time_cv_percent=1.231
TinyLSM/GroupCommitOn2Writers	real_time_cv_percent=1.689
TinyLSM/GroupCommitOff4Writers	real_time_cv_percent=0.720
TinyLSM/GroupCommitOn4Writers	real_time_cv_percent=0.404
TinyLSM/GroupCommitOff8Writers	real_time_cv_percent=0.320
TinyLSM/GroupCommitOn8Writers	real_time_cv_percent=1.539
TinyLSM/GroupCommitOff16Writers	real_time_cv_percent=0.751
TinyLSM/GroupCommitOn16Writers	real_time_cv_percent=2.444
verified 38 median cases in each run; all CV <= 10.0%
