+ cmake --preset dev-debug
Preset CMake variables:

  BUILD_TESTING:BOOL="TRUE"
  CMAKE_BUILD_TYPE="Debug"
  CMAKE_EXPORT_COMPILE_COMMANDS:BOOL="TRUE"
  TINYLSM_BUILD_TOOLS:BOOL="TRUE"

-- Using the multi-header code from /home/tina.guest/tinylsm-goal4-20260908/build/dev-debug/_deps/nlohmann_json-src/include/
-- 
-- 29.3.0
-- Configuring done (0.2s)
-- Generating done (0.1s)
-- Build files have been written to: /home/tina.guest/tinylsm-goal4-20260908/build/dev-debug
+ cmake --build --preset dev-debug
ninja: no work to do.
+ ctest --preset dev-debug --output-on-failure
Test project /home/tina.guest/tinylsm-goal4-20260908/build/dev-debug
        Start   1: StatusTest.PreservesCodeWhileAddingDiagnosticContext
  1/117 Test   #1: StatusTest.PreservesCodeWhileAddingDiagnosticContext .................................   Passed    0.00 sec
        Start   2: ResultTest.EnforcesValueOrErrorInvariantInAllBuildModes
  2/117 Test   #2: ResultTest.EnforcesValueOrErrorInvariantInAllBuildModes ..............................   Passed    0.00 sec
        Start   3: MemTableTest.PreservesEmptyValueTombstoneAndSequenceRules
  3/117 Test   #3: MemTableTest.PreservesEmptyValueTombstoneAndSequenceRules ............................   Passed    0.00 sec
        Start   4: WalCodecTest.HasStableHeaderAndRejectsCorruptionAndLimits
  4/117 Test   #4: WalCodecTest.HasStableHeaderAndRejectsCorruptionAndLimits ............................   Passed    0.00 sec
        Start   5: WalBatchCodecTest.RoundTripsAndRejectsDamageLimitsAndSequenceGaps
  5/117 Test   #5: WalBatchCodecTest.RoundTripsAndRejectsDamageLimitsAndSequenceGaps ....................   Passed    0.00 sec
        Start   6: WalReaderTest.ReplaysMixedSingleAndBatchRecordsAtomically
  6/117 Test   #6: WalReaderTest.ReplaysMixedSingleAndBatchRecordsAtomically ............................   Passed    0.00 sec
        Start   7: WalReaderTest.DiscardsEveryIncompleteBatchPrefixWithoutCallingApply
  7/117 Test   #7: WalReaderTest.DiscardsEveryIncompleteBatchPrefixWithoutCallingApply ..................   Passed    0.00 sec
        Start   8: WalReaderTest.ReplaysValidPrefixAndClassifiesTruncatedTail
  8/117 Test   #8: WalReaderTest.ReplaysValidPrefixAndClassifiesTruncatedTail ...........................   Passed    0.00 sec
        Start   9: WalReaderTest.EnforcesPublishedFloorAndStrictlyIncreasingSequence
  9/117 Test   #9: WalReaderTest.EnforcesPublishedFloorAndStrictlyIncreasingSequence ....................   Passed    0.00 sec
        Start  10: SstableFormatTest.ChecksOrderingAndIndependentChecksums
 10/117 Test  #10: SstableFormatTest.ChecksOrderingAndIndependentChecksums ..............................   Passed    0.00 sec
        Start  11: ManifestCodecTest.ReadsFixedVersionOneGoldenFiles
 11/117 Test  #11: ManifestCodecTest.ReadsFixedVersionOneGoldenFiles ....................................   Passed    0.00 sec
        Start  12: ManifestCodecTest.WritesVersionThreeAndPreservesMultipleTableOrder
 12/117 Test  #12: ManifestCodecTest.WritesVersionThreeAndPreservesMultipleTableOrder ...................   Passed    0.00 sec
        Start  13: ManifestCodecTest.RejectsFramingChecksumAndUnknownFieldDamage
 13/117 Test  #13: ManifestCodecTest.RejectsFramingChecksumAndUnknownFieldDamage ........................   Passed    0.00 sec
        Start  14: ManifestCodecTest.EnforcesSnapshotInvariantsAndFileSizeLimit
 14/117 Test  #14: ManifestCodecTest.EnforcesSnapshotInvariantsAndFileSizeLimit .........................   Passed    0.06 sec
        Start  15: FilenameTest.FormatsAndParsesCanonicalNumberedFiles
 15/117 Test  #15: FilenameTest.FormatsAndParsesCanonicalNumberedFiles ..................................   Passed    0.00 sec
        Start  16: FilenameTest.RejectsZeroOverflowAndNonCanonicalNames
 16/117 Test  #16: FilenameTest.RejectsZeroOverflowAndNonCanonicalNames .................................   Passed    0.00 sec
        Start  17: MemTableIteratorTest.BorrowsEntriesAndHonorsBytewiseHalfOpenRange
 17/117 Test  #17: MemTableIteratorTest.BorrowsEntriesAndHonorsBytewiseHalfOpenRange ....................   Passed    0.00 sec
        Start  18: MergingIteratorTest.OrdersEveryVersionByUserKeyThenSequenceDescending
 18/117 Test  #18: MergingIteratorTest.OrdersEveryVersionByUserKeyThenSequenceDescending ................   Passed    0.00 sec
        Start  19: MergingIteratorTest.FiltersVersionsForTheRequestedSnapshotSequence
 19/117 Test  #19: MergingIteratorTest.FiltersVersionsForTheRequestedSnapshotSequence ...................   Passed    0.00 sec
        Start  20: MergingIteratorTest.RejectsDuplicateSequenceAndMakesErrorsSticky
 20/117 Test  #20: MergingIteratorTest.RejectsDuplicateSequenceAndMakesErrorsSticky .....................   Passed    0.00 sec
        Start  21: SstableIteratorTest.LoadsBlocksLazilyAndMakesReadFailureSticky
 21/117 Test  #21: SstableIteratorTest.LoadsBlocksLazilyAndMakesReadFailureSticky .......................   Passed    0.02 sec
        Start  22: DBIteratorTest.LateSstableReadFailureReturnsNoPartialScanResult
 22/117 Test  #22: DBIteratorTest.LateSstableReadFailureReturnsNoPartialScanResult ......................   Passed    0.01 sec
        Start  23: SstableTest.BuildsMultipleBlocksAndReadsBoundaryKeys
 23/117 Test  #23: SstableTest.BuildsMultipleBlocksAndReadsBoundaryKeys .................................   Passed    0.00 sec
        Start  24: SstableTest.PreservesMultipleVersionsOfOneUserKey
 24/117 Test  #24: SstableTest.PreservesMultipleVersionsOfOneUserKey ....................................   Passed    0.00 sec
        Start  25: SstableTest.PropertiesRejectIndexMismatchEmptyTableAndZeroSequence
 25/117 Test  #25: SstableTest.PropertiesRejectIndexMismatchEmptyTableAndZeroSequence ...................   Passed    0.00 sec
        Start  26: DBSnapshotTest.PreservesVersionAcrossFlushCompactionAndHandleClose
 26/117 Test  #26: DBSnapshotTest.PreservesVersionAcrossFlushCompactionAndHandleClose ...................   Passed    0.01 sec
        Start  27: DBSnapshotTest.IteratorSeekCannotEscapeItsCreationRange
 27/117 Test  #27: DBSnapshotTest.IteratorSeekCannotEscapeItsCreationRange ..............................   Passed    0.00 sec
        Start  28: DBSnapshotTest.RejectsSnapshotFromAnotherDatabase
 28/117 Test  #28: DBSnapshotTest.RejectsSnapshotFromAnotherDatabase ....................................   Passed    0.01 sec
        Start  29: DBSnapshotTest.DoesNotSurviveCloseAndReopen
 29/117 Test  #29: DBSnapshotTest.DoesNotSurviveCloseAndReopen ..........................................   Passed    0.01 sec
        Start  30: DBSnapshotTest.ReclaimsVersionsAfterTheOldestSnapshotIsReleased
 30/117 Test  #30: DBSnapshotTest.ReclaimsVersionsAfterTheOldestSnapshotIsReleased ......................   Passed    0.01 sec
        Start  31: DBSnapshotTest.FailedCompactionDoesNotChangeAnActiveSnapshot
 31/117 Test  #31: DBSnapshotTest.FailedCompactionDoesNotChangeAnActiveSnapshot .........................   Passed    0.02 sec
        Start  32: DBSnapshotTest.RemainsStableWhileWritersFlushAndCompact
 32/117 Test  #32: DBSnapshotTest.RemainsStableWhileWritersFlushAndCompact ..............................   Passed    0.28 sec
        Start  33: DBSnapshotTest.FixedSeedReferenceModelCoversBatchesSnapshotsAndCompaction
 33/117 Test  #33: DBSnapshotTest.FixedSeedReferenceModelCoversBatchesSnapshotsAndCompaction ............   Passed    0.21 sec
        Start  34: BlockCacheTest.ReusesOnlySuccessfulValidatedBlocksAndCanBeDisabled
 34/117 Test  #34: BlockCacheTest.ReusesOnlySuccessfulValidatedBlocksAndCanBeDisabled ...................   Passed    0.00 sec
        Start  35: BlockCacheTest.EvictsLeastRecentlyUsedBlocksWithinChargeLimit
 35/117 Test  #35: BlockCacheTest.EvictsLeastRecentlyUsedBlocksWithinChargeLimit ........................   Passed    0.00 sec
        Start  36: BlockCacheTest.CompactionDropsOldTableEntriesBeforeReadersChange
 36/117 Test  #36: BlockCacheTest.CompactionDropsOldTableEntriesBeforeReadersChange .....................   Passed    0.00 sec
        Start  37: DBConcurrencyTest.IndependentSstableGetsReachTheReadGateTogether
 37/117 Test  #37: DBConcurrencyTest.IndependentSstableGetsReachTheReadGateTogether .....................   Passed    0.01 sec
        Start  38: BackgroundCompactionConcurrencyTest.ReaderCanOverlapTheCompactionInputSnapshot
 38/117 Test  #38: BackgroundCompactionConcurrencyTest.ReaderCanOverlapTheCompactionInputSnapshot .......   Passed    0.01 sec
        Start  39: FileSystemTest.WritableFileRetriesShortWritesAndPropagatesPathErrors
 39/117 Test  #39: FileSystemTest.WritableFileRetriesShortWritesAndPropagatesPathErrors .................   Passed    0.00 sec
        Start  40: DBErrorTest.FileExistsFailureIsPropagatedWithOpenContext
 40/117 Test  #40: DBErrorTest.FileExistsFailureIsPropagatedWithOpenContext .............................   Passed    0.00 sec
        Start  41: DBErrorTest.SyncFailureLeavesDatabaseOpenAndCloseCanBeRetried
 41/117 Test  #41: DBErrorTest.SyncFailureLeavesDatabaseOpenAndCloseCanBeRetried ........................   Passed    0.00 sec
        Start  42: DBErrorTest.CloseFailureStillTransitionsDatabaseToClosed
 42/117 Test  #42: DBErrorTest.CloseFailureStillTransitionsDatabaseToClosed .............................   Passed    0.00 sec
        Start  43: DBErrorTest.StandardExceptionsPropagateThroughThePublicApi
 43/117 Test  #43: DBErrorTest.StandardExceptionsPropagateThroughThePublicApi ...........................   Passed    0.00 sec
        Start  44: DBErrorTest.AppendFailureChangesNeitherWalNorMemtable
 44/117 Test  #44: DBErrorTest.AppendFailureChangesNeitherWalNorMemtable ................................   Passed    0.00 sec
        Start  45: DBErrorTest.SyncFailureLeavesWriteUnconfirmedButRecoverable
 45/117 Test  #45: DBErrorTest.SyncFailureLeavesWriteUnconfirmedButRecoverable ..........................   Passed    0.01 sec
        Start  46: DBErrorTest.DisabledSyncOnWriteSkipsPerWriteAndCloseSync
 46/117 Test  #46: DBErrorTest.DisabledSyncOnWriteSkipsPerWriteAndCloseSync .............................   Passed    0.00 sec
        Start  47: DBErrorTest.ExhaustedRecoveredSequenceUsesResourceStatus
 47/117 Test  #47: DBErrorTest.ExhaustedRecoveredSequenceUsesResourceStatus .............................   Passed    0.00 sec
        Start  48: DBErrorTest.RejectsActiveWalSequenceThatDoesNotFollowManifest
 48/117 Test  #48: DBErrorTest.RejectsActiveWalSequenceThatDoesNotFollowManifest ........................   Passed    0.01 sec
        Start  49: DBErrorTest.WriteBatchSyncFailureIsUnconfirmedButFullyRecoverable
 49/117 Test  #49: DBErrorTest.WriteBatchSyncFailureIsUnconfirmedButFullyRecoverable ....................   Passed    0.00 sec
        Start  50: DBErrorTest.WriteBatchAppendFailureNeverPartiallyApplies
 50/117 Test  #50: DBErrorTest.WriteBatchAppendFailureNeverPartiallyApplies .............................   Passed    0.00 sec
        Start  51: DBTest.AcceptsActiveWalSequenceGapsAndContinuesAfterTheMaximum
 51/117 Test  #51: DBTest.AcceptsActiveWalSequenceGapsAndContinuesAfterTheMaximum .......................   Passed    0.01 sec
        Start  52: DBTest.DistinguishesMissingEmptyAndTombstone
 52/117 Test  #52: DBTest.DistinguishesMissingEmptyAndTombstone .........................................   Passed    0.00 sec
        Start  53: DBTest.DeleteOfMissingKeyIsIdempotent
 53/117 Test  #53: DBTest.DeleteOfMissingKeyIsIdempotent ................................................   Passed    0.00 sec
        Start  54: DBTest.EnforcesKeyAndValueLimitsBeforeWalAndMemtableMutation
 54/117 Test  #54: DBTest.EnforcesKeyAndValueLimitsBeforeWalAndMemtableMutation .........................   Passed    0.00 sec
        Start  55: DBTest.WriteBatchPreservesOrderAndRecoversAsOneRecord
 55/117 Test  #55: DBTest.WriteBatchPreservesOrderAndRecoversAsOneRecord ................................   Passed    0.00 sec
        Start  56: DBTest.WriteBatchFlushesOnlyAfterTheWholeBatchIsApplied
 56/117 Test  #56: DBTest.WriteBatchFlushesOnlyAfterTheWholeBatchIsApplied ..............................   Passed    0.00 sec
        Start  57: DBTest.ConcurrentCallersAreSerializedWithoutLosingWrites
 57/117 Test  #57: DBTest.ConcurrentCallersAreSerializedWithoutLosingWrites .............................   Passed    0.03 sec
        Start  58: DBTest.IncompleteWalBatchIsDiscardedInFull
 58/117 Test  #58: DBTest.IncompleteWalBatchIsDiscardedInFull ...........................................   Passed    0.00 sec
        Start  59: DBTest.InvalidWriteBatchChangesNeitherWalNorMemtable
 59/117 Test  #59: DBTest.InvalidWriteBatchChangesNeitherWalNorMemtable .................................   Passed    0.00 sec
        Start  60: DBTest.PreservesBinaryKeysValuesAndBytewiseScanOrderAcrossReopen
 60/117 Test  #60: DBTest.PreservesBinaryKeysValuesAndBytewiseScanOrderAcrossReopen .....................   Passed    0.00 sec
        Start  61: DBTest.WalRecoveryReopensLatestValues
 61/117 Test  #61: DBTest.WalRecoveryReopensLatestValues ................................................   Passed    0.00 sec
        Start  62: DBTest.ReopenTruncatesIncompleteWalTail
 62/117 Test  #62: DBTest.ReopenTruncatesIncompleteWalTail ..............................................   Passed    0.00 sec
        Start  63: DBTest.RepeatedFlushPreservesNewestValuesAcrossReopen
 63/117 Test  #63: DBTest.RepeatedFlushPreservesNewestValuesAcrossReopen ................................   Passed    0.02 sec
        Start  64: DBTest.OpensAndReadsMultipleManifestTablesInOldestToNewestOrder
 64/117 Test  #64: DBTest.OpensAndReadsMultipleManifestTablesInOldestToNewestOrder ......................   Passed    0.01 sec
        Start  65: DBTest.RejectsManifestMetadataThatDoesNotMatchTheSstable
 65/117 Test  #65: DBTest.RejectsManifestMetadataThatDoesNotMatchTheSstable .............................   Passed    0.01 sec
        Start  66: DBTest.MissingManifestReferencedTableIsCorruption
 66/117 Test  #66: DBTest.MissingManifestReferencedTableIsCorruption ....................................   Passed    0.01 sec
        Start  67: DBTest.MissingManifestReferencedWalIsCorruption
 67/117 Test  #67: DBTest.MissingManifestReferencedWalIsCorruption ......................................   Passed    0.00 sec
        Start  68: DBTest.CorruptManifestFramingIsReportedThroughOpen
 68/117 Test  #68: DBTest.CorruptManifestFramingIsReportedThroughOpen ...................................   Passed    0.00 sec
        Start  69: DBTest.CorruptReferencedIndexAndFooterAreReportedThroughOpen
 69/117 Test  #69: DBTest.CorruptReferencedIndexAndFooterAreReportedThroughOpen .........................   Passed    0.08 sec
        Start  70: DBTest.ManifestIsAuthoritativeAndIgnoresOrphans
 70/117 Test  #70: DBTest.ManifestIsAuthoritativeAndIgnoresOrphans ......................................   Passed    0.00 sec
        Start  71: DBTest.CorruptReferencedDataBlockIsReportedOnOpen
 71/117 Test  #71: DBTest.CorruptReferencedDataBlockIsReportedOnOpen ....................................   Passed    0.01 sec
        Start  72: DBTest.SstableReadFailureDuringOpenIsPropagated
 72/117 Test  #72: DBTest.SstableReadFailureDuringOpenIsPropagated ......................................   Passed    0.01 sec
        Start  73: CleanupRecoveryTest.OpenRemovesOnlyCanonicalUnreferencedFiles
 73/117 Test  #73: CleanupRecoveryTest.OpenRemovesOnlyCanonicalUnreferencedFiles ........................   Passed    0.01 sec
        Start  74: CleanupRecoveryTest.ListDirFailureDoesNotBlockRecoveredData
 74/117 Test  #74: CleanupRecoveryTest.ListDirFailureDoesNotBlockRecoveredData ..........................   Passed    0.01 sec
        Start  75: CleanupRecoveryTest.RemoveFailureIsRetriedOnTheNextOpen
 75/117 Test  #75: CleanupRecoveryTest.RemoveFailureIsRetriedOnTheNextOpen ..............................   Passed    0.01 sec
        Start  76: CleanupRecoveryTest.SyncDirFailureDoesNotBlockRecoveredData
 76/117 Test  #76: CleanupRecoveryTest.SyncDirFailureDoesNotBlockRecoveredData ..........................   Passed    0.01 sec
        Start  77: CleanupRecoveryTest.FlushRetriesPendingWalRemoval
 77/117 Test  #77: CleanupRecoveryTest.FlushRetriesPendingWalRemoval ....................................   Passed    0.01 sec
        Start  78: CleanupRecoveryTest.CompactionRetriesPendingTableRemoval
 78/117 Test  #78: CleanupRecoveryTest.CompactionRetriesPendingTableRemoval .............................   Passed    0.02 sec
        Start  79: CleanupRecoveryTest.RepeatedMaintenanceLeavesOnlyManifestLiveFiles
 79/117 Test  #79: CleanupRecoveryTest.RepeatedMaintenanceLeavesOnlyManifestLiveFiles ...................   Passed    0.02 sec
        Start  80: DBCompactionTest.ZeroTablesIsANoOpAndClosedHandlesAreRejected
 80/117 Test  #80: DBCompactionTest.ZeroTablesIsANoOpAndClosedHandlesAreRejected ........................   Passed    0.00 sec
        Start  81: DBCompactionTest.RewritesOneTableWithoutChangingTheActiveWal
 81/117 Test  #81: DBCompactionTest.RewritesOneTableWithoutChangingTheActiveWal .........................   Passed    0.01 sec
        Start  82: DBCompactionTest.DropsAllTombstonesWithoutConsumingAFileNumber
 82/117 Test  #82: DBCompactionTest.DropsAllTombstonesWithoutConsumingAFileNumber .......................   Passed    0.01 sec
        Start  83: DBCompactionTest.PreservesLogicalStateAndNewerMemtableAcrossReopen
 83/117 Test  #83: DBCompactionTest.PreservesLogicalStateAndNewerMemtableAcrossReopen ...................   Passed    0.02 sec
        Start  84: CompactionRecoveryTest.FailuresBeforeManifestRenameKeepOldState
 84/117 Test  #84: CompactionRecoveryTest.FailuresBeforeManifestRenameKeepOldState ......................   Passed    0.14 sec
        Start  85: CompactionRecoveryTest.ManifestSyncDirFailureFreezesUntilReopen
 85/117 Test  #85: CompactionRecoveryTest.ManifestSyncDirFailureFreezesUntilReopen ......................   Passed    0.02 sec
        Start  86: CompactionRecoveryTest.CleanupExceptionDoesNotChangeCommittedSuccess
 86/117 Test  #86: CompactionRecoveryTest.CleanupExceptionDoesNotChangeCommittedSuccess .................   Passed    0.01 sec
        Start  87: BackgroundCompactionTest.DropsOnlySafeOldestPrefixTombstoneAndReportsRawMetrics
 87/117 Test  #87: BackgroundCompactionTest.DropsOnlySafeOldestPrefixTombstoneAndReportsRawMetrics ......   Passed    0.01 sec
        Start  88: BackgroundCompactionTest.LongMixedWorkloadMatchesReferenceAcrossReopen
 88/117 Test  #88: BackgroundCompactionTest.LongMixedWorkloadMatchesReferenceAcrossReopen ...............   Passed    0.34 sec
        Start  89: BackgroundCompactionRecoveryTest.FailedCommitKeepsTheOldestPrefixRecoverable
 89/117 Test  #89: BackgroundCompactionRecoveryTest.FailedCommitKeepsTheOldestPrefixRecoverable .........   Passed    0.01 sec
        Start  90: BackgroundCompactionRecoveryTest.ManifestSyncDirFailureFreezesUntilReopen
 90/117 Test  #90: BackgroundCompactionRecoveryTest.ManifestSyncDirFailureFreezesUntilReopen ............   Passed    0.01 sec
        Start  91: ManifestPublishTest.FailuresBeforeRenameAreNotPublished
 91/117 Test  #91: ManifestPublishTest.FailuresBeforeRenameAreNotPublished ..............................   Passed    0.00 sec
        Start  92: ManifestPublishTest.RenameFollowedBySyncDirFailureIsVisibleNotDurable
 92/117 Test  #92: ManifestPublishTest.RenameFollowedBySyncDirFailureIsVisibleNotDurable ................   Passed    0.01 sec
        Start  93: ManifestPublishTest.DurablePublicationUpdatesCurrentSnapshot
 93/117 Test  #93: ManifestPublishTest.DurablePublicationUpdatesCurrentSnapshot .........................   Passed    0.00 sec
        Start  94: FlushRecoveryTest.PreManifestRenameFailuresKeepOldStateRecoverable
 94/117 Test  #94: FlushRecoveryTest.PreManifestRenameFailuresKeepOldStateRecoverable ...................   Passed    0.03 sec
        Start  95: FlushRecoveryTest.SecondFlushFailuresKeepPublishedTableAndWalRecoverable
 95/117 Test  #95: FlushRecoveryTest.SecondFlushFailuresKeepPublishedTableAndWalRecoverable .............   Passed    0.04 sec
        Start  96: FlushRecoveryTest.ManifestSyncDirFailureFreezesDataOperationsUntilReopen
 96/117 Test  #96: FlushRecoveryTest.ManifestSyncDirFailureFreezesDataOperationsUntilReopen .............   Passed    0.01 sec
        Start  97: FlushRecoveryTest.TerminalCloseReportsOnlyItsOwnFailureAndCanRetry
 97/117 Test  #97: FlushRecoveryTest.TerminalCloseReportsOnlyItsOwnFailureAndCanRetry ...................   Passed    0.00 sec
        Start  98: FlushRecoveryTest.InitialManifestSyncDirFailureCanBeRecoveredByOpen
 98/117 Test  #98: FlushRecoveryTest.InitialManifestSyncDirFailureCanBeRecoveredByOpen ..................   Passed    0.00 sec
        Start  99: FlushRecoveryTest.InitialCreationFailuresCanBeRetriedSafely
 99/117 Test  #99: FlushRecoveryTest.InitialCreationFailuresCanBeRetriedSafely ..........................   Passed    0.01 sec
        Start 100: FlushRecoveryTest.NonEmptyPreManifestWalIsRejectedWithoutModification
100/117 Test #100: FlushRecoveryTest.NonEmptyPreManifestWalIsRejectedWithoutModification ................   Passed    0.00 sec
        Start 101: FlushRecoveryTest.ComplexPreManifestStatesAreRejectedAsCorruption
101/117 Test #101: FlushRecoveryTest.ComplexPreManifestStatesAreRejectedAsCorruption ....................   Passed    0.00 sec
        Start 102: FlushRecoveryTest.UnrelatedFilesDoNotBlockInitialCreation
102/117 Test #102: FlushRecoveryTest.UnrelatedFilesDoNotBlockInitialCreation ............................   Passed    0.00 sec
        Start 103: FlushRecoveryTest.OldWalCleanupFailureDoesNotChangeCommittedSuccess
103/117 Test #103: FlushRecoveryTest.OldWalCleanupFailureDoesNotChangeCommittedSuccess ..................   Passed    0.01 sec
        Start 104: FlushRecoveryTest.OldWalCloseExceptionDoesNotChangeCommittedSuccess
104/117 Test #104: FlushRecoveryTest.OldWalCloseExceptionDoesNotChangeCommittedSuccess ..................   Passed    0.01 sec
        Start 105: AsyncFlushRecoveryTest.BackgroundFailureIsStickyAndImmutableWalRecovers
105/117 Test #105: AsyncFlushRecoveryTest.BackgroundFailureIsStickyAndImmutableWalRecovers ..............   Passed    0.01 sec
        Start 106: CliTest.RejectsInvalidArgumentsBeforeOpeningDatabase
106/117 Test #106: CliTest.RejectsInvalidArgumentsBeforeOpeningDatabase .................................   Passed    0.00 sec
        Start 107: CliTest.SupportsPersistentPutGetScanAndDeleteCommands
107/117 Test #107: CliTest.SupportsPersistentPutGetScanAndDeleteCommands ................................   Passed    0.01 sec
        Start 108: CliTest.JsonOutputPreservesArbitraryBytesWithBase64
108/117 Test #108: CliTest.JsonOutputPreservesArbitraryBytesWithBase64 ..................................   Passed    0.01 sec
        Start 109: LabSessionTest.SerializesOperationsAndCopiesDiagnosticState
109/117 Test #109: LabSessionTest.SerializesOperationsAndCopiesDiagnosticState ..........................   Passed    0.00 sec
        Start 110: LabSessionTest.RotatesDetailedJsonlEventsAndSkipsPerOperationLogsInPerformanceMode
110/117 Test #110: LabSessionTest.RotatesDetailedJsonlEventsAndSkipsPerOperationLogsInPerformanceMode ...   Passed    0.05 sec
        Start 111: LabStorageInspectorTest.PagesCanonicalWalAndSstableBytesWithoutEscapingDatabase
111/117 Test #111: LabStorageInspectorTest.PagesCanonicalWalAndSstableBytesWithoutEscapingDatabase ......   Passed    0.01 sec
        Start 112: LabWorkloadTest.ReplaysFixedSeedWithTheSameOperationSequenceAndReferenceResult
112/117 Test #112: LabWorkloadTest.ReplaysFixedSeedWithTheSameOperationSequenceAndReferenceResult .......   Passed    0.31 sec
        Start 113: LabWorkloadTest.RejectsExternalWritesWhileTheDeterministicRunnerOwnsTheWritePath
113/117 Test #113: LabWorkloadTest.RejectsExternalWritesWhileTheDeterministicRunnerOwnsTheWritePath .....   Passed    0.01 sec
        Start 114: RecoveryLabTest.RunsAllScenariosOnlyInsideServerOwnedSandboxes
114/117 Test #114: RecoveryLabTest.RunsAllScenariosOnlyInsideServerOwnedSandboxes .......................   Passed    0.03 sec
        Start 115: RecoveryLabTest.RejectsSandboxPathThatResolvesOutsideTheServerRoot
115/117 Test #115: RecoveryLabTest.RejectsSandboxPathThatResolvesOutsideTheServerRoot ...................   Passed    0.00 sec
        Start 116: LabServerHttpTest.ServesLiveOperationsStateStorageAndReconnectableEvents
116/117 Test #116: LabServerHttpTest.ServesLiveOperationsStateStorageAndReconnectableEvents .............   Passed    0.03 sec
        Start 117: LabServerStaticTest.ServesPackagedUiFilesAndRejectsOversizedRecoveryRequests
117/117 Test #117: LabServerStaticTest.ServesPackagedUiFilesAndRejectsOversizedRecoveryRequests .........   Passed    0.01 sec

100% tests passed, 0 tests failed out of 117

Total Test time (real) =   2.21 sec
+ cmake --preset dev-asan-ubsan
Preset CMake variables:

  BUILD_TESTING:BOOL="TRUE"
  CMAKE_BUILD_TYPE="Debug"
  CMAKE_EXPORT_COMPILE_COMMANDS:BOOL="TRUE"
  TINYLSM_BUILD_TOOLS:BOOL="TRUE"
  TINYLSM_ENABLE_ASAN:BOOL="TRUE"
  TINYLSM_ENABLE_UBSAN:BOOL="TRUE"
  TINYLSM_FETCH_TEST_DEPS:BOOL="TRUE"

-- Using the multi-header code from /home/tina.guest/tinylsm-goal4-20260908/build/dev-asan-ubsan/_deps/nlohmann_json-src/include/
-- 
-- 29.3.0
-- Configuring done (0.3s)
-- Generating done (0.1s)
-- Build files have been written to: /home/tina.guest/tinylsm-goal4-20260908/build/dev-asan-ubsan
+ cmake --build --preset dev-asan-ubsan
ninja: no work to do.
+ ctest --preset dev-asan-ubsan --output-on-failure
Test project /home/tina.guest/tinylsm-goal4-20260908/build/dev-asan-ubsan
        Start   1: StatusTest.PreservesCodeWhileAddingDiagnosticContext
  1/117 Test   #1: StatusTest.PreservesCodeWhileAddingDiagnosticContext .................................   Passed    0.05 sec
        Start   2: ResultTest.EnforcesValueOrErrorInvariantInAllBuildModes
  2/117 Test   #2: ResultTest.EnforcesValueOrErrorInvariantInAllBuildModes ..............................   Passed    0.02 sec
        Start   3: MemTableTest.PreservesEmptyValueTombstoneAndSequenceRules
  3/117 Test   #3: MemTableTest.PreservesEmptyValueTombstoneAndSequenceRules ............................   Passed    0.02 sec
        Start   4: WalCodecTest.HasStableHeaderAndRejectsCorruptionAndLimits
  4/117 Test   #4: WalCodecTest.HasStableHeaderAndRejectsCorruptionAndLimits ............................   Passed    0.02 sec
        Start   5: WalBatchCodecTest.RoundTripsAndRejectsDamageLimitsAndSequenceGaps
  5/117 Test   #5: WalBatchCodecTest.RoundTripsAndRejectsDamageLimitsAndSequenceGaps ....................   Passed    0.02 sec
        Start   6: WalReaderTest.ReplaysMixedSingleAndBatchRecordsAtomically
  6/117 Test   #6: WalReaderTest.ReplaysMixedSingleAndBatchRecordsAtomically ............................   Passed    0.02 sec
        Start   7: WalReaderTest.DiscardsEveryIncompleteBatchPrefixWithoutCallingApply
  7/117 Test   #7: WalReaderTest.DiscardsEveryIncompleteBatchPrefixWithoutCallingApply ..................   Passed    0.02 sec
        Start   8: WalReaderTest.ReplaysValidPrefixAndClassifiesTruncatedTail
  8/117 Test   #8: WalReaderTest.ReplaysValidPrefixAndClassifiesTruncatedTail ...........................   Passed    0.02 sec
        Start   9: WalReaderTest.EnforcesPublishedFloorAndStrictlyIncreasingSequence
  9/117 Test   #9: WalReaderTest.EnforcesPublishedFloorAndStrictlyIncreasingSequence ....................   Passed    0.02 sec
        Start  10: SstableFormatTest.ChecksOrderingAndIndependentChecksums
 10/117 Test  #10: SstableFormatTest.ChecksOrderingAndIndependentChecksums ..............................   Passed    0.02 sec
        Start  11: ManifestCodecTest.ReadsFixedVersionOneGoldenFiles
 11/117 Test  #11: ManifestCodecTest.ReadsFixedVersionOneGoldenFiles ....................................   Passed    0.41 sec
        Start  12: ManifestCodecTest.WritesVersionThreeAndPreservesMultipleTableOrder
 12/117 Test  #12: ManifestCodecTest.WritesVersionThreeAndPreservesMultipleTableOrder ...................   Passed    0.42 sec
        Start  13: ManifestCodecTest.RejectsFramingChecksumAndUnknownFieldDamage
 13/117 Test  #13: ManifestCodecTest.RejectsFramingChecksumAndUnknownFieldDamage ........................   Passed    0.41 sec
        Start  14: ManifestCodecTest.EnforcesSnapshotInvariantsAndFileSizeLimit
 14/117 Test  #14: ManifestCodecTest.EnforcesSnapshotInvariantsAndFileSizeLimit .........................   Passed    0.11 sec
        Start  15: FilenameTest.FormatsAndParsesCanonicalNumberedFiles
 15/117 Test  #15: FilenameTest.FormatsAndParsesCanonicalNumberedFiles ..................................   Passed    0.02 sec
        Start  16: FilenameTest.RejectsZeroOverflowAndNonCanonicalNames
 16/117 Test  #16: FilenameTest.RejectsZeroOverflowAndNonCanonicalNames .................................   Passed    0.02 sec
        Start  17: MemTableIteratorTest.BorrowsEntriesAndHonorsBytewiseHalfOpenRange
 17/117 Test  #17: MemTableIteratorTest.BorrowsEntriesAndHonorsBytewiseHalfOpenRange ....................   Passed    0.02 sec
        Start  18: MergingIteratorTest.OrdersEveryVersionByUserKeyThenSequenceDescending
 18/117 Test  #18: MergingIteratorTest.OrdersEveryVersionByUserKeyThenSequenceDescending ................   Passed    0.02 sec
        Start  19: MergingIteratorTest.FiltersVersionsForTheRequestedSnapshotSequence
 19/117 Test  #19: MergingIteratorTest.FiltersVersionsForTheRequestedSnapshotSequence ...................   Passed    0.02 sec
        Start  20: MergingIteratorTest.RejectsDuplicateSequenceAndMakesErrorsSticky
 20/117 Test  #20: MergingIteratorTest.RejectsDuplicateSequenceAndMakesErrorsSticky .....................   Passed    0.02 sec
        Start  21: SstableIteratorTest.LoadsBlocksLazilyAndMakesReadFailureSticky
 21/117 Test  #21: SstableIteratorTest.LoadsBlocksLazilyAndMakesReadFailureSticky .......................   Passed    0.02 sec
        Start  22: DBIteratorTest.LateSstableReadFailureReturnsNoPartialScanResult
 22/117 Test  #22: DBIteratorTest.LateSstableReadFailureReturnsNoPartialScanResult ......................   Passed    0.44 sec
        Start  23: SstableTest.BuildsMultipleBlocksAndReadsBoundaryKeys
 23/117 Test  #23: SstableTest.BuildsMultipleBlocksAndReadsBoundaryKeys .................................   Passed    0.02 sec
        Start  24: SstableTest.PreservesMultipleVersionsOfOneUserKey
 24/117 Test  #24: SstableTest.PreservesMultipleVersionsOfOneUserKey ....................................   Passed    0.02 sec
        Start  25: SstableTest.PropertiesRejectIndexMismatchEmptyTableAndZeroSequence
 25/117 Test  #25: SstableTest.PropertiesRejectIndexMismatchEmptyTableAndZeroSequence ...................   Passed    0.02 sec
        Start  26: DBSnapshotTest.PreservesVersionAcrossFlushCompactionAndHandleClose
 26/117 Test  #26: DBSnapshotTest.PreservesVersionAcrossFlushCompactionAndHandleClose ...................   Passed    0.03 sec
        Start  27: DBSnapshotTest.IteratorSeekCannotEscapeItsCreationRange
 27/117 Test  #27: DBSnapshotTest.IteratorSeekCannotEscapeItsCreationRange ..............................   Passed    0.02 sec
        Start  28: DBSnapshotTest.RejectsSnapshotFromAnotherDatabase
 28/117 Test  #28: DBSnapshotTest.RejectsSnapshotFromAnotherDatabase ....................................   Passed    0.02 sec
        Start  29: DBSnapshotTest.DoesNotSurviveCloseAndReopen
 29/117 Test  #29: DBSnapshotTest.DoesNotSurviveCloseAndReopen ..........................................   Passed    0.42 sec
        Start  30: DBSnapshotTest.ReclaimsVersionsAfterTheOldestSnapshotIsReleased
 30/117 Test  #30: DBSnapshotTest.ReclaimsVersionsAfterTheOldestSnapshotIsReleased ......................   Passed    0.03 sec
        Start  31: DBSnapshotTest.FailedCompactionDoesNotChangeAnActiveSnapshot
 31/117 Test  #31: DBSnapshotTest.FailedCompactionDoesNotChangeAnActiveSnapshot .........................   Passed    0.48 sec
        Start  32: DBSnapshotTest.RemainsStableWhileWritersFlushAndCompact
 32/117 Test  #32: DBSnapshotTest.RemainsStableWhileWritersFlushAndCompact ..............................   Passed    3.11 sec
        Start  33: DBSnapshotTest.FixedSeedReferenceModelCoversBatchesSnapshotsAndCompaction
 33/117 Test  #33: DBSnapshotTest.FixedSeedReferenceModelCoversBatchesSnapshotsAndCompaction ............   Passed   36.65 sec
        Start  34: BlockCacheTest.ReusesOnlySuccessfulValidatedBlocksAndCanBeDisabled
 34/117 Test  #34: BlockCacheTest.ReusesOnlySuccessfulValidatedBlocksAndCanBeDisabled ...................   Passed    0.02 sec
        Start  35: BlockCacheTest.EvictsLeastRecentlyUsedBlocksWithinChargeLimit
 35/117 Test  #35: BlockCacheTest.EvictsLeastRecentlyUsedBlocksWithinChargeLimit ........................   Passed    0.02 sec
        Start  36: BlockCacheTest.CompactionDropsOldTableEntriesBeforeReadersChange
 36/117 Test  #36: BlockCacheTest.CompactionDropsOldTableEntriesBeforeReadersChange .....................   Passed    0.02 sec
        Start  37: DBConcurrencyTest.IndependentSstableGetsReachTheReadGateTogether
 37/117 Test  #37: DBConcurrencyTest.IndependentSstableGetsReachTheReadGateTogether .....................   Passed    0.43 sec
        Start  38: BackgroundCompactionConcurrencyTest.ReaderCanOverlapTheCompactionInputSnapshot
 38/117 Test  #38: BackgroundCompactionConcurrencyTest.ReaderCanOverlapTheCompactionInputSnapshot .......   Passed    0.45 sec
        Start  39: FileSystemTest.WritableFileRetriesShortWritesAndPropagatesPathErrors
 39/117 Test  #39: FileSystemTest.WritableFileRetriesShortWritesAndPropagatesPathErrors .................   Passed    0.02 sec
        Start  40: DBErrorTest.FileExistsFailureIsPropagatedWithOpenContext
 40/117 Test  #40: DBErrorTest.FileExistsFailureIsPropagatedWithOpenContext .............................   Passed    0.02 sec
        Start  41: DBErrorTest.SyncFailureLeavesDatabaseOpenAndCloseCanBeRetried
 41/117 Test  #41: DBErrorTest.SyncFailureLeavesDatabaseOpenAndCloseCanBeRetried ........................   Passed    0.02 sec
        Start  42: DBErrorTest.CloseFailureStillTransitionsDatabaseToClosed
 42/117 Test  #42: DBErrorTest.CloseFailureStillTransitionsDatabaseToClosed .............................   Passed    0.02 sec
        Start  43: DBErrorTest.StandardExceptionsPropagateThroughThePublicApi
 43/117 Test  #43: DBErrorTest.StandardExceptionsPropagateThroughThePublicApi ...........................   Passed    0.02 sec
        Start  44: DBErrorTest.AppendFailureChangesNeitherWalNorMemtable
 44/117 Test  #44: DBErrorTest.AppendFailureChangesNeitherWalNorMemtable ................................   Passed    0.02 sec
        Start  45: DBErrorTest.SyncFailureLeavesWriteUnconfirmedButRecoverable
 45/117 Test  #45: DBErrorTest.SyncFailureLeavesWriteUnconfirmedButRecoverable ..........................   Passed    0.43 sec
        Start  46: DBErrorTest.DisabledSyncOnWriteSkipsPerWriteAndCloseSync
 46/117 Test  #46: DBErrorTest.DisabledSyncOnWriteSkipsPerWriteAndCloseSync .............................   Passed    0.02 sec
        Start  47: DBErrorTest.ExhaustedRecoveredSequenceUsesResourceStatus
 47/117 Test  #47: DBErrorTest.ExhaustedRecoveredSequenceUsesResourceStatus .............................   Passed    0.41 sec
        Start  48: DBErrorTest.RejectsActiveWalSequenceThatDoesNotFollowManifest
 48/117 Test  #48: DBErrorTest.RejectsActiveWalSequenceThatDoesNotFollowManifest ........................   Passed    0.44 sec
        Start  49: DBErrorTest.WriteBatchSyncFailureIsUnconfirmedButFullyRecoverable
 49/117 Test  #49: DBErrorTest.WriteBatchSyncFailureIsUnconfirmedButFullyRecoverable ....................   Passed    0.43 sec
        Start  50: DBErrorTest.WriteBatchAppendFailureNeverPartiallyApplies
 50/117 Test  #50: DBErrorTest.WriteBatchAppendFailureNeverPartiallyApplies .............................   Passed    0.45 sec
        Start  51: DBTest.AcceptsActiveWalSequenceGapsAndContinuesAfterTheMaximum
 51/117 Test  #51: DBTest.AcceptsActiveWalSequenceGapsAndContinuesAfterTheMaximum .......................   Passed    0.43 sec
        Start  52: DBTest.DistinguishesMissingEmptyAndTombstone
 52/117 Test  #52: DBTest.DistinguishesMissingEmptyAndTombstone .........................................   Passed    0.02 sec
        Start  53: DBTest.DeleteOfMissingKeyIsIdempotent
 53/117 Test  #53: DBTest.DeleteOfMissingKeyIsIdempotent ................................................   Passed    0.02 sec
        Start  54: DBTest.EnforcesKeyAndValueLimitsBeforeWalAndMemtableMutation
 54/117 Test  #54: DBTest.EnforcesKeyAndValueLimitsBeforeWalAndMemtableMutation .........................   Passed    0.02 sec
        Start  55: DBTest.WriteBatchPreservesOrderAndRecoversAsOneRecord
 55/117 Test  #55: DBTest.WriteBatchPreservesOrderAndRecoversAsOneRecord ................................   Passed    0.43 sec
        Start  56: DBTest.WriteBatchFlushesOnlyAfterTheWholeBatchIsApplied
 56/117 Test  #56: DBTest.WriteBatchFlushesOnlyAfterTheWholeBatchIsApplied ..............................   Passed    0.44 sec
        Start  57: DBTest.ConcurrentCallersAreSerializedWithoutLosingWrites
 57/117 Test  #57: DBTest.ConcurrentCallersAreSerializedWithoutLosingWrites .............................   Passed    6.04 sec
        Start  58: DBTest.IncompleteWalBatchIsDiscardedInFull
 58/117 Test  #58: DBTest.IncompleteWalBatchIsDiscardedInFull ...........................................   Passed    0.42 sec
        Start  59: DBTest.InvalidWriteBatchChangesNeitherWalNorMemtable
 59/117 Test  #59: DBTest.InvalidWriteBatchChangesNeitherWalNorMemtable .................................   Passed    0.02 sec
        Start  60: DBTest.PreservesBinaryKeysValuesAndBytewiseScanOrderAcrossReopen
 60/117 Test  #60: DBTest.PreservesBinaryKeysValuesAndBytewiseScanOrderAcrossReopen .....................   Passed    0.44 sec
        Start  61: DBTest.WalRecoveryReopensLatestValues
 61/117 Test  #61: DBTest.WalRecoveryReopensLatestValues ................................................   Passed    0.43 sec
        Start  62: DBTest.ReopenTruncatesIncompleteWalTail
 62/117 Test  #62: DBTest.ReopenTruncatesIncompleteWalTail ..............................................   Passed    0.43 sec
        Start  63: DBTest.RepeatedFlushPreservesNewestValuesAcrossReopen
 63/117 Test  #63: DBTest.RepeatedFlushPreservesNewestValuesAcrossReopen ................................   Passed    0.51 sec
        Start  64: DBTest.OpensAndReadsMultipleManifestTablesInOldestToNewestOrder
 64/117 Test  #64: DBTest.OpensAndReadsMultipleManifestTablesInOldestToNewestOrder ......................   Passed    0.49 sec
        Start  65: DBTest.RejectsManifestMetadataThatDoesNotMatchTheSstable
 65/117 Test  #65: DBTest.RejectsManifestMetadataThatDoesNotMatchTheSstable .............................   Passed    0.48 sec
        Start  66: DBTest.MissingManifestReferencedTableIsCorruption
 66/117 Test  #66: DBTest.MissingManifestReferencedTableIsCorruption ....................................   Passed    0.45 sec
        Start  67: DBTest.MissingManifestReferencedWalIsCorruption
 67/117 Test  #67: DBTest.MissingManifestReferencedWalIsCorruption ......................................   Passed    0.41 sec
        Start  68: DBTest.CorruptManifestFramingIsReportedThroughOpen
 68/117 Test  #68: DBTest.CorruptManifestFramingIsReportedThroughOpen ...................................   Passed    0.02 sec
        Start  69: DBTest.CorruptReferencedIndexAndFooterAreReportedThroughOpen
 69/117 Test  #69: DBTest.CorruptReferencedIndexAndFooterAreReportedThroughOpen .........................   Passed    0.44 sec
        Start  70: DBTest.ManifestIsAuthoritativeAndIgnoresOrphans
 70/117 Test  #70: DBTest.ManifestIsAuthoritativeAndIgnoresOrphans ......................................   Passed    0.43 sec
        Start  71: DBTest.CorruptReferencedDataBlockIsReportedOnOpen
 71/117 Test  #71: DBTest.CorruptReferencedDataBlockIsReportedOnOpen ....................................   Passed    0.43 sec
        Start  72: DBTest.SstableReadFailureDuringOpenIsPropagated
 72/117 Test  #72: DBTest.SstableReadFailureDuringOpenIsPropagated ......................................   Passed    0.44 sec
        Start  73: CleanupRecoveryTest.OpenRemovesOnlyCanonicalUnreferencedFiles
 73/117 Test  #73: CleanupRecoveryTest.OpenRemovesOnlyCanonicalUnreferencedFiles ........................   Passed    0.46 sec
        Start  74: CleanupRecoveryTest.ListDirFailureDoesNotBlockRecoveredData
 74/117 Test  #74: CleanupRecoveryTest.ListDirFailureDoesNotBlockRecoveredData ..........................   Passed    0.44 sec
        Start  75: CleanupRecoveryTest.RemoveFailureIsRetriedOnTheNextOpen
 75/117 Test  #75: CleanupRecoveryTest.RemoveFailureIsRetriedOnTheNextOpen ..............................   Passed    0.45 sec
        Start  76: CleanupRecoveryTest.SyncDirFailureDoesNotBlockRecoveredData
 76/117 Test  #76: CleanupRecoveryTest.SyncDirFailureDoesNotBlockRecoveredData ..........................   Passed    0.44 sec
        Start  77: CleanupRecoveryTest.FlushRetriesPendingWalRemoval
 77/117 Test  #77: CleanupRecoveryTest.FlushRetriesPendingWalRemoval ....................................   Passed    0.03 sec
        Start  78: CleanupRecoveryTest.CompactionRetriesPendingTableRemoval
 78/117 Test  #78: CleanupRecoveryTest.CompactionRetriesPendingTableRemoval .............................   Passed    0.52 sec
        Start  79: CleanupRecoveryTest.RepeatedMaintenanceLeavesOnlyManifestLiveFiles
 79/117 Test  #79: CleanupRecoveryTest.RepeatedMaintenanceLeavesOnlyManifestLiveFiles ...................   Passed    0.48 sec
        Start  80: DBCompactionTest.ZeroTablesIsANoOpAndClosedHandlesAreRejected
 80/117 Test  #80: DBCompactionTest.ZeroTablesIsANoOpAndClosedHandlesAreRejected ........................   Passed    0.42 sec
        Start  81: DBCompactionTest.RewritesOneTableWithoutChangingTheActiveWal
 81/117 Test  #81: DBCompactionTest.RewritesOneTableWithoutChangingTheActiveWal .........................   Passed    0.45 sec
        Start  82: DBCompactionTest.DropsAllTombstonesWithoutConsumingAFileNumber
 82/117 Test  #82: DBCompactionTest.DropsAllTombstonesWithoutConsumingAFileNumber .......................   Passed    0.44 sec
        Start  83: DBCompactionTest.PreservesLogicalStateAndNewerMemtableAcrossReopen
 83/117 Test  #83: DBCompactionTest.PreservesLogicalStateAndNewerMemtableAcrossReopen ...................   Passed    0.53 sec
        Start  84: CompactionRecoveryTest.FailuresBeforeManifestRenameKeepOldState
 84/117 Test  #84: CompactionRecoveryTest.FailuresBeforeManifestRenameKeepOldState ......................   Passed    1.63 sec
        Start  85: CompactionRecoveryTest.ManifestSyncDirFailureFreezesUntilReopen
 85/117 Test  #85: CompactionRecoveryTest.ManifestSyncDirFailureFreezesUntilReopen ......................   Passed    0.51 sec
        Start  86: CompactionRecoveryTest.CleanupExceptionDoesNotChangeCommittedSuccess
 86/117 Test  #86: CompactionRecoveryTest.CleanupExceptionDoesNotChangeCommittedSuccess .................   Passed    0.48 sec
        Start  87: BackgroundCompactionTest.DropsOnlySafeOldestPrefixTombstoneAndReportsRawMetrics
 87/117 Test  #87: BackgroundCompactionTest.DropsOnlySafeOldestPrefixTombstoneAndReportsRawMetrics ......   Passed    0.44 sec
        Start  88: BackgroundCompactionTest.LongMixedWorkloadMatchesReferenceAcrossReopen
 88/117 Test  #88: BackgroundCompactionTest.LongMixedWorkloadMatchesReferenceAcrossReopen ...............   Passed   33.52 sec
        Start  89: BackgroundCompactionRecoveryTest.FailedCommitKeepsTheOldestPrefixRecoverable
 89/117 Test  #89: BackgroundCompactionRecoveryTest.FailedCommitKeepsTheOldestPrefixRecoverable .........   Passed    0.48 sec
        Start  90: BackgroundCompactionRecoveryTest.ManifestSyncDirFailureFreezesUntilReopen
 90/117 Test  #90: BackgroundCompactionRecoveryTest.ManifestSyncDirFailureFreezesUntilReopen ............   Passed    0.47 sec
        Start  91: ManifestPublishTest.FailuresBeforeRenameAreNotPublished
 91/117 Test  #91: ManifestPublishTest.FailuresBeforeRenameAreNotPublished ..............................   Passed    0.02 sec
        Start  92: ManifestPublishTest.RenameFollowedBySyncDirFailureIsVisibleNotDurable
 92/117 Test  #92: ManifestPublishTest.RenameFollowedBySyncDirFailureIsVisibleNotDurable ................   Passed    0.43 sec
        Start  93: ManifestPublishTest.DurablePublicationUpdatesCurrentSnapshot
 93/117 Test  #93: ManifestPublishTest.DurablePublicationUpdatesCurrentSnapshot .........................   Passed    0.02 sec
        Start  94: FlushRecoveryTest.PreManifestRenameFailuresKeepOldStateRecoverable
 94/117 Test  #94: FlushRecoveryTest.PreManifestRenameFailuresKeepOldStateRecoverable ...................   Passed    0.67 sec
        Start  95: FlushRecoveryTest.SecondFlushFailuresKeepPublishedTableAndWalRecoverable
 95/117 Test  #95: FlushRecoveryTest.SecondFlushFailuresKeepPublishedTableAndWalRecoverable .............   Passed    0.77 sec
        Start  96: FlushRecoveryTest.ManifestSyncDirFailureFreezesDataOperationsUntilReopen
 96/117 Test  #96: FlushRecoveryTest.ManifestSyncDirFailureFreezesDataOperationsUntilReopen .............   Passed    0.47 sec
        Start  97: FlushRecoveryTest.TerminalCloseReportsOnlyItsOwnFailureAndCanRetry
 97/117 Test  #97: FlushRecoveryTest.TerminalCloseReportsOnlyItsOwnFailureAndCanRetry ...................   Passed    0.02 sec
        Start  98: FlushRecoveryTest.InitialManifestSyncDirFailureCanBeRecoveredByOpen
 98/117 Test  #98: FlushRecoveryTest.InitialManifestSyncDirFailureCanBeRecoveredByOpen ..................   Passed    0.44 sec
        Start  99: FlushRecoveryTest.InitialCreationFailuresCanBeRetriedSafely
 99/117 Test  #99: FlushRecoveryTest.InitialCreationFailuresCanBeRetriedSafely ..........................   Passed    0.08 sec
        Start 100: FlushRecoveryTest.NonEmptyPreManifestWalIsRejectedWithoutModification
100/117 Test #100: FlushRecoveryTest.NonEmptyPreManifestWalIsRejectedWithoutModification ................   Passed    0.02 sec
        Start 101: FlushRecoveryTest.ComplexPreManifestStatesAreRejectedAsCorruption
101/117 Test #101: FlushRecoveryTest.ComplexPreManifestStatesAreRejectedAsCorruption ....................   Passed    0.02 sec
        Start 102: FlushRecoveryTest.UnrelatedFilesDoNotBlockInitialCreation
102/117 Test #102: FlushRecoveryTest.UnrelatedFilesDoNotBlockInitialCreation ............................   Passed    0.02 sec
        Start 103: FlushRecoveryTest.OldWalCleanupFailureDoesNotChangeCommittedSuccess
103/117 Test #103: FlushRecoveryTest.OldWalCleanupFailureDoesNotChangeCommittedSuccess ..................   Passed    0.47 sec
        Start 104: FlushRecoveryTest.OldWalCloseExceptionDoesNotChangeCommittedSuccess
104/117 Test #104: FlushRecoveryTest.OldWalCloseExceptionDoesNotChangeCommittedSuccess ..................   Passed    0.43 sec
        Start 105: AsyncFlushRecoveryTest.BackgroundFailureIsStickyAndImmutableWalRecovers
105/117 Test #105: AsyncFlushRecoveryTest.BackgroundFailureIsStickyAndImmutableWalRecovers ..............   Passed    0.46 sec
        Start 106: CliTest.RejectsInvalidArgumentsBeforeOpeningDatabase
106/117 Test #106: CliTest.RejectsInvalidArgumentsBeforeOpeningDatabase .................................   Passed    0.02 sec
        Start 107: CliTest.SupportsPersistentPutGetScanAndDeleteCommands
107/117 Test #107: CliTest.SupportsPersistentPutGetScanAndDeleteCommands ................................   Passed    0.50 sec
        Start 108: CliTest.JsonOutputPreservesArbitraryBytesWithBase64
108/117 Test #108: CliTest.JsonOutputPreservesArbitraryBytesWithBase64 ..................................   Passed    0.44 sec
        Start 109: LabSessionTest.SerializesOperationsAndCopiesDiagnosticState
109/117 Test #109: LabSessionTest.SerializesOperationsAndCopiesDiagnosticState ..........................   Passed    0.02 sec
        Start 110: LabSessionTest.RotatesDetailedJsonlEventsAndSkipsPerOperationLogsInPerformanceMode
110/117 Test #110: LabSessionTest.RotatesDetailedJsonlEventsAndSkipsPerOperationLogsInPerformanceMode ...   Passed    1.23 sec
        Start 111: LabStorageInspectorTest.PagesCanonicalWalAndSstableBytesWithoutEscapingDatabase
111/117 Test #111: LabStorageInspectorTest.PagesCanonicalWalAndSstableBytesWithoutEscapingDatabase ......   Passed    0.47 sec
        Start 112: LabWorkloadTest.ReplaysFixedSeedWithTheSameOperationSequenceAndReferenceResult
112/117 Test #112: LabWorkloadTest.ReplaysFixedSeedWithTheSameOperationSequenceAndReferenceResult .......   Passed    0.90 sec
        Start 113: LabWorkloadTest.RejectsExternalWritesWhileTheDeterministicRunnerOwnsTheWritePath
113/117 Test #113: LabWorkloadTest.RejectsExternalWritesWhileTheDeterministicRunnerOwnsTheWritePath .....   Passed    0.03 sec
        Start 114: RecoveryLabTest.RunsAllScenariosOnlyInsideServerOwnedSandboxes
114/117 Test #114: RecoveryLabTest.RunsAllScenariosOnlyInsideServerOwnedSandboxes .......................   Passed    0.81 sec
        Start 115: RecoveryLabTest.RejectsSandboxPathThatResolvesOutsideTheServerRoot
115/117 Test #115: RecoveryLabTest.RejectsSandboxPathThatResolvesOutsideTheServerRoot ...................   Passed    0.02 sec
        Start 116: LabServerHttpTest.ServesLiveOperationsStateStorageAndReconnectableEvents
116/117 Test #116: LabServerHttpTest.ServesLiveOperationsStateStorageAndReconnectableEvents .............   Passed    2.10 sec
        Start 117: LabServerStaticTest.ServesPackagedUiFilesAndRejectsOversizedRecoveryRequests
117/117 Test #117: LabServerStaticTest.ServesPackagedUiFilesAndRejectsOversizedRecoveryRequests .........   Passed    0.54 sec

100% tests passed, 0 tests failed out of 117

Total Test time (real) = 113.10 sec
+ cmake --preset dev-tsan
Preset CMake variables:

  BUILD_TESTING:BOOL="TRUE"
  CMAKE_BUILD_TYPE="Debug"
  CMAKE_EXPORT_COMPILE_COMMANDS:BOOL="TRUE"
  TINYLSM_BUILD_TOOLS:BOOL="TRUE"
  TINYLSM_ENABLE_TSAN:BOOL="TRUE"
  TINYLSM_FETCH_TEST_DEPS:BOOL="TRUE"

-- Using the multi-header code from /home/tina.guest/tinylsm-goal4-20260908/build/dev-tsan/_deps/nlohmann_json-src/include/
-- 
-- 29.3.0
-- Configuring done (0.3s)
-- Generating done (0.1s)
-- Build files have been written to: /home/tina.guest/tinylsm-goal4-20260908/build/dev-tsan
+ cmake --build --preset dev-tsan
ninja: no work to do.
+ ctest --preset dev-tsan --output-on-failure
Test project /home/tina.guest/tinylsm-goal4-20260908/build/dev-tsan
        Start   1: StatusTest.PreservesCodeWhileAddingDiagnosticContext
  1/117 Test   #1: StatusTest.PreservesCodeWhileAddingDiagnosticContext .................................   Passed    0.01 sec
        Start   2: ResultTest.EnforcesValueOrErrorInvariantInAllBuildModes
  2/117 Test   #2: ResultTest.EnforcesValueOrErrorInvariantInAllBuildModes ..............................   Passed    0.01 sec
        Start   3: MemTableTest.PreservesEmptyValueTombstoneAndSequenceRules
  3/117 Test   #3: MemTableTest.PreservesEmptyValueTombstoneAndSequenceRules ............................   Passed    0.01 sec
        Start   4: WalCodecTest.HasStableHeaderAndRejectsCorruptionAndLimits
  4/117 Test   #4: WalCodecTest.HasStableHeaderAndRejectsCorruptionAndLimits ............................   Passed    0.01 sec
        Start   5: WalBatchCodecTest.RoundTripsAndRejectsDamageLimitsAndSequenceGaps
  5/117 Test   #5: WalBatchCodecTest.RoundTripsAndRejectsDamageLimitsAndSequenceGaps ....................   Passed    0.01 sec
        Start   6: WalReaderTest.ReplaysMixedSingleAndBatchRecordsAtomically
  6/117 Test   #6: WalReaderTest.ReplaysMixedSingleAndBatchRecordsAtomically ............................   Passed    0.01 sec
        Start   7: WalReaderTest.DiscardsEveryIncompleteBatchPrefixWithoutCallingApply
  7/117 Test   #7: WalReaderTest.DiscardsEveryIncompleteBatchPrefixWithoutCallingApply ..................   Passed    0.01 sec
        Start   8: WalReaderTest.ReplaysValidPrefixAndClassifiesTruncatedTail
  8/117 Test   #8: WalReaderTest.ReplaysValidPrefixAndClassifiesTruncatedTail ...........................   Passed    0.01 sec
        Start   9: WalReaderTest.EnforcesPublishedFloorAndStrictlyIncreasingSequence
  9/117 Test   #9: WalReaderTest.EnforcesPublishedFloorAndStrictlyIncreasingSequence ....................   Passed    0.01 sec
        Start  10: SstableFormatTest.ChecksOrderingAndIndependentChecksums
 10/117 Test  #10: SstableFormatTest.ChecksOrderingAndIndependentChecksums ..............................   Passed    0.01 sec
        Start  11: ManifestCodecTest.ReadsFixedVersionOneGoldenFiles
 11/117 Test  #11: ManifestCodecTest.ReadsFixedVersionOneGoldenFiles ....................................   Passed    0.02 sec
        Start  12: ManifestCodecTest.WritesVersionThreeAndPreservesMultipleTableOrder
 12/117 Test  #12: ManifestCodecTest.WritesVersionThreeAndPreservesMultipleTableOrder ...................   Passed    0.02 sec
        Start  13: ManifestCodecTest.RejectsFramingChecksumAndUnknownFieldDamage
 13/117 Test  #13: ManifestCodecTest.RejectsFramingChecksumAndUnknownFieldDamage ........................   Passed    0.02 sec
        Start  14: ManifestCodecTest.EnforcesSnapshotInvariantsAndFileSizeLimit
 14/117 Test  #14: ManifestCodecTest.EnforcesSnapshotInvariantsAndFileSizeLimit .........................   Passed    0.24 sec
        Start  15: FilenameTest.FormatsAndParsesCanonicalNumberedFiles
 15/117 Test  #15: FilenameTest.FormatsAndParsesCanonicalNumberedFiles ..................................   Passed    0.01 sec
        Start  16: FilenameTest.RejectsZeroOverflowAndNonCanonicalNames
 16/117 Test  #16: FilenameTest.RejectsZeroOverflowAndNonCanonicalNames .................................   Passed    0.01 sec
        Start  17: MemTableIteratorTest.BorrowsEntriesAndHonorsBytewiseHalfOpenRange
 17/117 Test  #17: MemTableIteratorTest.BorrowsEntriesAndHonorsBytewiseHalfOpenRange ....................   Passed    0.01 sec
        Start  18: MergingIteratorTest.OrdersEveryVersionByUserKeyThenSequenceDescending
 18/117 Test  #18: MergingIteratorTest.OrdersEveryVersionByUserKeyThenSequenceDescending ................   Passed    0.01 sec
        Start  19: MergingIteratorTest.FiltersVersionsForTheRequestedSnapshotSequence
 19/117 Test  #19: MergingIteratorTest.FiltersVersionsForTheRequestedSnapshotSequence ...................   Passed    0.01 sec
        Start  20: MergingIteratorTest.RejectsDuplicateSequenceAndMakesErrorsSticky
 20/117 Test  #20: MergingIteratorTest.RejectsDuplicateSequenceAndMakesErrorsSticky .....................   Passed    0.01 sec
        Start  21: SstableIteratorTest.LoadsBlocksLazilyAndMakesReadFailureSticky
 21/117 Test  #21: SstableIteratorTest.LoadsBlocksLazilyAndMakesReadFailureSticky .......................   Passed    0.02 sec
        Start  22: DBIteratorTest.LateSstableReadFailureReturnsNoPartialScanResult
 22/117 Test  #22: DBIteratorTest.LateSstableReadFailureReturnsNoPartialScanResult ......................   Passed    0.02 sec
        Start  23: SstableTest.BuildsMultipleBlocksAndReadsBoundaryKeys
 23/117 Test  #23: SstableTest.BuildsMultipleBlocksAndReadsBoundaryKeys .................................   Passed    0.01 sec
        Start  24: SstableTest.PreservesMultipleVersionsOfOneUserKey
 24/117 Test  #24: SstableTest.PreservesMultipleVersionsOfOneUserKey ....................................   Passed    0.01 sec
        Start  25: SstableTest.PropertiesRejectIndexMismatchEmptyTableAndZeroSequence
 25/117 Test  #25: SstableTest.PropertiesRejectIndexMismatchEmptyTableAndZeroSequence ...................   Passed    0.01 sec
        Start  26: DBSnapshotTest.PreservesVersionAcrossFlushCompactionAndHandleClose
 26/117 Test  #26: DBSnapshotTest.PreservesVersionAcrossFlushCompactionAndHandleClose ...................   Passed    0.02 sec
        Start  27: DBSnapshotTest.IteratorSeekCannotEscapeItsCreationRange
 27/117 Test  #27: DBSnapshotTest.IteratorSeekCannotEscapeItsCreationRange ..............................   Passed    0.01 sec
        Start  28: DBSnapshotTest.RejectsSnapshotFromAnotherDatabase
 28/117 Test  #28: DBSnapshotTest.RejectsSnapshotFromAnotherDatabase ....................................   Passed    0.01 sec
        Start  29: DBSnapshotTest.DoesNotSurviveCloseAndReopen
 29/117 Test  #29: DBSnapshotTest.DoesNotSurviveCloseAndReopen ..........................................   Passed    0.02 sec
        Start  30: DBSnapshotTest.ReclaimsVersionsAfterTheOldestSnapshotIsReleased
 30/117 Test  #30: DBSnapshotTest.ReclaimsVersionsAfterTheOldestSnapshotIsReleased ......................   Passed    0.02 sec
        Start  31: DBSnapshotTest.FailedCompactionDoesNotChangeAnActiveSnapshot
 31/117 Test  #31: DBSnapshotTest.FailedCompactionDoesNotChangeAnActiveSnapshot .........................   Passed    0.03 sec
        Start  32: DBSnapshotTest.RemainsStableWhileWritersFlushAndCompact
 32/117 Test  #32: DBSnapshotTest.RemainsStableWhileWritersFlushAndCompact ..............................   Passed    0.23 sec
        Start  33: DBSnapshotTest.FixedSeedReferenceModelCoversBatchesSnapshotsAndCompaction
 33/117 Test  #33: DBSnapshotTest.FixedSeedReferenceModelCoversBatchesSnapshotsAndCompaction ............   Passed    0.40 sec
        Start  34: BlockCacheTest.ReusesOnlySuccessfulValidatedBlocksAndCanBeDisabled
 34/117 Test  #34: BlockCacheTest.ReusesOnlySuccessfulValidatedBlocksAndCanBeDisabled ...................   Passed    0.01 sec
        Start  35: BlockCacheTest.EvictsLeastRecentlyUsedBlocksWithinChargeLimit
 35/117 Test  #35: BlockCacheTest.EvictsLeastRecentlyUsedBlocksWithinChargeLimit ........................   Passed    0.01 sec
        Start  36: BlockCacheTest.CompactionDropsOldTableEntriesBeforeReadersChange
 36/117 Test  #36: BlockCacheTest.CompactionDropsOldTableEntriesBeforeReadersChange .....................   Passed    0.02 sec
        Start  37: DBConcurrencyTest.IndependentSstableGetsReachTheReadGateTogether
 37/117 Test  #37: DBConcurrencyTest.IndependentSstableGetsReachTheReadGateTogether .....................   Passed    0.02 sec
        Start  38: BackgroundCompactionConcurrencyTest.ReaderCanOverlapTheCompactionInputSnapshot
 38/117 Test  #38: BackgroundCompactionConcurrencyTest.ReaderCanOverlapTheCompactionInputSnapshot .......   Passed    0.03 sec
        Start  39: FileSystemTest.WritableFileRetriesShortWritesAndPropagatesPathErrors
 39/117 Test  #39: FileSystemTest.WritableFileRetriesShortWritesAndPropagatesPathErrors .................   Passed    0.01 sec
        Start  40: DBErrorTest.FileExistsFailureIsPropagatedWithOpenContext
 40/117 Test  #40: DBErrorTest.FileExistsFailureIsPropagatedWithOpenContext .............................   Passed    0.01 sec
        Start  41: DBErrorTest.SyncFailureLeavesDatabaseOpenAndCloseCanBeRetried
 41/117 Test  #41: DBErrorTest.SyncFailureLeavesDatabaseOpenAndCloseCanBeRetried ........................   Passed    0.01 sec
        Start  42: DBErrorTest.CloseFailureStillTransitionsDatabaseToClosed
 42/117 Test  #42: DBErrorTest.CloseFailureStillTransitionsDatabaseToClosed .............................   Passed    0.01 sec
        Start  43: DBErrorTest.StandardExceptionsPropagateThroughThePublicApi
 43/117 Test  #43: DBErrorTest.StandardExceptionsPropagateThroughThePublicApi ...........................   Passed    0.01 sec
        Start  44: DBErrorTest.AppendFailureChangesNeitherWalNorMemtable
 44/117 Test  #44: DBErrorTest.AppendFailureChangesNeitherWalNorMemtable ................................   Passed    0.01 sec
        Start  45: DBErrorTest.SyncFailureLeavesWriteUnconfirmedButRecoverable
 45/117 Test  #45: DBErrorTest.SyncFailureLeavesWriteUnconfirmedButRecoverable ..........................   Passed    0.02 sec
        Start  46: DBErrorTest.DisabledSyncOnWriteSkipsPerWriteAndCloseSync
 46/117 Test  #46: DBErrorTest.DisabledSyncOnWriteSkipsPerWriteAndCloseSync .............................   Passed    0.01 sec
        Start  47: DBErrorTest.ExhaustedRecoveredSequenceUsesResourceStatus
 47/117 Test  #47: DBErrorTest.ExhaustedRecoveredSequenceUsesResourceStatus .............................   Passed    0.02 sec
        Start  48: DBErrorTest.RejectsActiveWalSequenceThatDoesNotFollowManifest
 48/117 Test  #48: DBErrorTest.RejectsActiveWalSequenceThatDoesNotFollowManifest ........................   Passed    0.02 sec
        Start  49: DBErrorTest.WriteBatchSyncFailureIsUnconfirmedButFullyRecoverable
 49/117 Test  #49: DBErrorTest.WriteBatchSyncFailureIsUnconfirmedButFullyRecoverable ....................   Passed    0.02 sec
        Start  50: DBErrorTest.WriteBatchAppendFailureNeverPartiallyApplies
 50/117 Test  #50: DBErrorTest.WriteBatchAppendFailureNeverPartiallyApplies .............................   Passed    0.02 sec
        Start  51: DBTest.AcceptsActiveWalSequenceGapsAndContinuesAfterTheMaximum
 51/117 Test  #51: DBTest.AcceptsActiveWalSequenceGapsAndContinuesAfterTheMaximum .......................   Passed    0.02 sec
        Start  52: DBTest.DistinguishesMissingEmptyAndTombstone
 52/117 Test  #52: DBTest.DistinguishesMissingEmptyAndTombstone .........................................   Passed    0.01 sec
        Start  53: DBTest.DeleteOfMissingKeyIsIdempotent
 53/117 Test  #53: DBTest.DeleteOfMissingKeyIsIdempotent ................................................   Passed    0.01 sec
        Start  54: DBTest.EnforcesKeyAndValueLimitsBeforeWalAndMemtableMutation
 54/117 Test  #54: DBTest.EnforcesKeyAndValueLimitsBeforeWalAndMemtableMutation .........................   Passed    0.01 sec
        Start  55: DBTest.WriteBatchPreservesOrderAndRecoversAsOneRecord
 55/117 Test  #55: DBTest.WriteBatchPreservesOrderAndRecoversAsOneRecord ................................   Passed    0.02 sec
        Start  56: DBTest.WriteBatchFlushesOnlyAfterTheWholeBatchIsApplied
 56/117 Test  #56: DBTest.WriteBatchFlushesOnlyAfterTheWholeBatchIsApplied ..............................   Passed    0.02 sec
        Start  57: DBTest.ConcurrentCallersAreSerializedWithoutLosingWrites
 57/117 Test  #57: DBTest.ConcurrentCallersAreSerializedWithoutLosingWrites .............................   Passed    0.10 sec
        Start  58: DBTest.IncompleteWalBatchIsDiscardedInFull
 58/117 Test  #58: DBTest.IncompleteWalBatchIsDiscardedInFull ...........................................   Passed    0.02 sec
        Start  59: DBTest.InvalidWriteBatchChangesNeitherWalNorMemtable
 59/117 Test  #59: DBTest.InvalidWriteBatchChangesNeitherWalNorMemtable .................................   Passed    0.01 sec
        Start  60: DBTest.PreservesBinaryKeysValuesAndBytewiseScanOrderAcrossReopen
 60/117 Test  #60: DBTest.PreservesBinaryKeysValuesAndBytewiseScanOrderAcrossReopen .....................   Passed    0.02 sec
        Start  61: DBTest.WalRecoveryReopensLatestValues
 61/117 Test  #61: DBTest.WalRecoveryReopensLatestValues ................................................   Passed    0.02 sec
        Start  62: DBTest.ReopenTruncatesIncompleteWalTail
 62/117 Test  #62: DBTest.ReopenTruncatesIncompleteWalTail ..............................................   Passed    0.02 sec
        Start  63: DBTest.RepeatedFlushPreservesNewestValuesAcrossReopen
 63/117 Test  #63: DBTest.RepeatedFlushPreservesNewestValuesAcrossReopen ................................   Passed    0.03 sec
        Start  64: DBTest.OpensAndReadsMultipleManifestTablesInOldestToNewestOrder
 64/117 Test  #64: DBTest.OpensAndReadsMultipleManifestTablesInOldestToNewestOrder ......................   Passed    0.02 sec
        Start  65: DBTest.RejectsManifestMetadataThatDoesNotMatchTheSstable
 65/117 Test  #65: DBTest.RejectsManifestMetadataThatDoesNotMatchTheSstable .............................   Passed    0.02 sec
        Start  66: DBTest.MissingManifestReferencedTableIsCorruption
 66/117 Test  #66: DBTest.MissingManifestReferencedTableIsCorruption ....................................   Passed    0.03 sec
        Start  67: DBTest.MissingManifestReferencedWalIsCorruption
 67/117 Test  #67: DBTest.MissingManifestReferencedWalIsCorruption ......................................   Passed    0.02 sec
        Start  68: DBTest.CorruptManifestFramingIsReportedThroughOpen
 68/117 Test  #68: DBTest.CorruptManifestFramingIsReportedThroughOpen ...................................   Passed    0.01 sec
        Start  69: DBTest.CorruptReferencedIndexAndFooterAreReportedThroughOpen
 69/117 Test  #69: DBTest.CorruptReferencedIndexAndFooterAreReportedThroughOpen .........................   Passed    0.02 sec
        Start  70: DBTest.ManifestIsAuthoritativeAndIgnoresOrphans
 70/117 Test  #70: DBTest.ManifestIsAuthoritativeAndIgnoresOrphans ......................................   Passed    0.02 sec
        Start  71: DBTest.CorruptReferencedDataBlockIsReportedOnOpen
 71/117 Test  #71: DBTest.CorruptReferencedDataBlockIsReportedOnOpen ....................................   Passed    0.02 sec
        Start  72: DBTest.SstableReadFailureDuringOpenIsPropagated
 72/117 Test  #72: DBTest.SstableReadFailureDuringOpenIsPropagated ......................................   Passed    0.04 sec
        Start  73: CleanupRecoveryTest.OpenRemovesOnlyCanonicalUnreferencedFiles
 73/117 Test  #73: CleanupRecoveryTest.OpenRemovesOnlyCanonicalUnreferencedFiles ........................   Passed    0.02 sec
        Start  74: CleanupRecoveryTest.ListDirFailureDoesNotBlockRecoveredData
 74/117 Test  #74: CleanupRecoveryTest.ListDirFailureDoesNotBlockRecoveredData ..........................   Passed    0.02 sec
        Start  75: CleanupRecoveryTest.RemoveFailureIsRetriedOnTheNextOpen
 75/117 Test  #75: CleanupRecoveryTest.RemoveFailureIsRetriedOnTheNextOpen ..............................   Passed    0.02 sec
        Start  76: CleanupRecoveryTest.SyncDirFailureDoesNotBlockRecoveredData
 76/117 Test  #76: CleanupRecoveryTest.SyncDirFailureDoesNotBlockRecoveredData ..........................   Passed    0.02 sec
        Start  77: CleanupRecoveryTest.FlushRetriesPendingWalRemoval
 77/117 Test  #77: CleanupRecoveryTest.FlushRetriesPendingWalRemoval ....................................   Passed    0.02 sec
        Start  78: CleanupRecoveryTest.CompactionRetriesPendingTableRemoval
 78/117 Test  #78: CleanupRecoveryTest.CompactionRetriesPendingTableRemoval .............................   Passed    0.03 sec
        Start  79: CleanupRecoveryTest.RepeatedMaintenanceLeavesOnlyManifestLiveFiles
 79/117 Test  #79: CleanupRecoveryTest.RepeatedMaintenanceLeavesOnlyManifestLiveFiles ...................   Passed    0.03 sec
        Start  80: DBCompactionTest.ZeroTablesIsANoOpAndClosedHandlesAreRejected
 80/117 Test  #80: DBCompactionTest.ZeroTablesIsANoOpAndClosedHandlesAreRejected ........................   Passed    0.02 sec
        Start  81: DBCompactionTest.RewritesOneTableWithoutChangingTheActiveWal
 81/117 Test  #81: DBCompactionTest.RewritesOneTableWithoutChangingTheActiveWal .........................   Passed    0.02 sec
        Start  82: DBCompactionTest.DropsAllTombstonesWithoutConsumingAFileNumber
 82/117 Test  #82: DBCompactionTest.DropsAllTombstonesWithoutConsumingAFileNumber .......................   Passed    0.02 sec
        Start  83: DBCompactionTest.PreservesLogicalStateAndNewerMemtableAcrossReopen
 83/117 Test  #83: DBCompactionTest.PreservesLogicalStateAndNewerMemtableAcrossReopen ...................   Passed    0.03 sec
        Start  84: CompactionRecoveryTest.FailuresBeforeManifestRenameKeepOldState
 84/117 Test  #84: CompactionRecoveryTest.FailuresBeforeManifestRenameKeepOldState ......................   Passed    0.14 sec
        Start  85: CompactionRecoveryTest.ManifestSyncDirFailureFreezesUntilReopen
 85/117 Test  #85: CompactionRecoveryTest.ManifestSyncDirFailureFreezesUntilReopen ......................   Passed    0.03 sec
        Start  86: CompactionRecoveryTest.CleanupExceptionDoesNotChangeCommittedSuccess
 86/117 Test  #86: CompactionRecoveryTest.CleanupExceptionDoesNotChangeCommittedSuccess .................   Passed    0.03 sec
        Start  87: BackgroundCompactionTest.DropsOnlySafeOldestPrefixTombstoneAndReportsRawMetrics
 87/117 Test  #87: BackgroundCompactionTest.DropsOnlySafeOldestPrefixTombstoneAndReportsRawMetrics ......   Passed    0.02 sec
        Start  88: BackgroundCompactionTest.LongMixedWorkloadMatchesReferenceAcrossReopen
 88/117 Test  #88: BackgroundCompactionTest.LongMixedWorkloadMatchesReferenceAcrossReopen ...............   Passed    0.53 sec
        Start  89: BackgroundCompactionRecoveryTest.FailedCommitKeepsTheOldestPrefixRecoverable
 89/117 Test  #89: BackgroundCompactionRecoveryTest.FailedCommitKeepsTheOldestPrefixRecoverable .........   Passed    0.03 sec
        Start  90: BackgroundCompactionRecoveryTest.ManifestSyncDirFailureFreezesUntilReopen
 90/117 Test  #90: BackgroundCompactionRecoveryTest.ManifestSyncDirFailureFreezesUntilReopen ............   Passed    0.03 sec
        Start  91: ManifestPublishTest.FailuresBeforeRenameAreNotPublished
 91/117 Test  #91: ManifestPublishTest.FailuresBeforeRenameAreNotPublished ..............................   Passed    0.01 sec
        Start  92: ManifestPublishTest.RenameFollowedBySyncDirFailureIsVisibleNotDurable
 92/117 Test  #92: ManifestPublishTest.RenameFollowedBySyncDirFailureIsVisibleNotDurable ................   Passed    0.02 sec
        Start  93: ManifestPublishTest.DurablePublicationUpdatesCurrentSnapshot
 93/117 Test  #93: ManifestPublishTest.DurablePublicationUpdatesCurrentSnapshot .........................   Passed    0.01 sec
        Start  94: FlushRecoveryTest.PreManifestRenameFailuresKeepOldStateRecoverable
 94/117 Test  #94: FlushRecoveryTest.PreManifestRenameFailuresKeepOldStateRecoverable ...................   Passed    0.05 sec
        Start  95: FlushRecoveryTest.SecondFlushFailuresKeepPublishedTableAndWalRecoverable
 95/117 Test  #95: FlushRecoveryTest.SecondFlushFailuresKeepPublishedTableAndWalRecoverable .............   Passed    0.06 sec
        Start  96: FlushRecoveryTest.ManifestSyncDirFailureFreezesDataOperationsUntilReopen
 96/117 Test  #96: FlushRecoveryTest.ManifestSyncDirFailureFreezesDataOperationsUntilReopen .............   Passed    0.02 sec
        Start  97: FlushRecoveryTest.TerminalCloseReportsOnlyItsOwnFailureAndCanRetry
 97/117 Test  #97: FlushRecoveryTest.TerminalCloseReportsOnlyItsOwnFailureAndCanRetry ...................   Passed    0.01 sec
        Start  98: FlushRecoveryTest.InitialManifestSyncDirFailureCanBeRecoveredByOpen
 98/117 Test  #98: FlushRecoveryTest.InitialManifestSyncDirFailureCanBeRecoveredByOpen ..................   Passed    0.02 sec
        Start  99: FlushRecoveryTest.InitialCreationFailuresCanBeRetriedSafely
 99/117 Test  #99: FlushRecoveryTest.InitialCreationFailuresCanBeRetriedSafely ..........................   Passed    0.02 sec
        Start 100: FlushRecoveryTest.NonEmptyPreManifestWalIsRejectedWithoutModification
100/117 Test #100: FlushRecoveryTest.NonEmptyPreManifestWalIsRejectedWithoutModification ................   Passed    0.01 sec
        Start 101: FlushRecoveryTest.ComplexPreManifestStatesAreRejectedAsCorruption
101/117 Test #101: FlushRecoveryTest.ComplexPreManifestStatesAreRejectedAsCorruption ....................   Passed    0.01 sec
        Start 102: FlushRecoveryTest.UnrelatedFilesDoNotBlockInitialCreation
102/117 Test #102: FlushRecoveryTest.UnrelatedFilesDoNotBlockInitialCreation ............................   Passed    0.01 sec
        Start 103: FlushRecoveryTest.OldWalCleanupFailureDoesNotChangeCommittedSuccess
103/117 Test #103: FlushRecoveryTest.OldWalCleanupFailureDoesNotChangeCommittedSuccess ..................   Passed    0.02 sec
        Start 104: FlushRecoveryTest.OldWalCloseExceptionDoesNotChangeCommittedSuccess
104/117 Test #104: FlushRecoveryTest.OldWalCloseExceptionDoesNotChangeCommittedSuccess ..................   Passed    0.02 sec
        Start 105: AsyncFlushRecoveryTest.BackgroundFailureIsStickyAndImmutableWalRecovers
105/117 Test #105: AsyncFlushRecoveryTest.BackgroundFailureIsStickyAndImmutableWalRecovers ..............   Passed    0.02 sec
        Start 106: CliTest.RejectsInvalidArgumentsBeforeOpeningDatabase
106/117 Test #106: CliTest.RejectsInvalidArgumentsBeforeOpeningDatabase .................................   Passed    0.01 sec
        Start 107: CliTest.SupportsPersistentPutGetScanAndDeleteCommands
107/117 Test #107: CliTest.SupportsPersistentPutGetScanAndDeleteCommands ................................   Passed    0.02 sec
        Start 108: CliTest.JsonOutputPreservesArbitraryBytesWithBase64
108/117 Test #108: CliTest.JsonOutputPreservesArbitraryBytesWithBase64 ..................................   Passed    0.02 sec
        Start 109: LabSessionTest.SerializesOperationsAndCopiesDiagnosticState
109/117 Test #109: LabSessionTest.SerializesOperationsAndCopiesDiagnosticState ..........................   Passed    0.01 sec
        Start 110: LabSessionTest.RotatesDetailedJsonlEventsAndSkipsPerOperationLogsInPerformanceMode
110/117 Test #110: LabSessionTest.RotatesDetailedJsonlEventsAndSkipsPerOperationLogsInPerformanceMode ...   Passed    0.08 sec
        Start 111: LabStorageInspectorTest.PagesCanonicalWalAndSstableBytesWithoutEscapingDatabase
111/117 Test #111: LabStorageInspectorTest.PagesCanonicalWalAndSstableBytesWithoutEscapingDatabase ......   Passed    0.02 sec
        Start 112: LabWorkloadTest.ReplaysFixedSeedWithTheSameOperationSequenceAndReferenceResult
112/117 Test #112: LabWorkloadTest.ReplaysFixedSeedWithTheSameOperationSequenceAndReferenceResult .......   Passed    0.33 sec
        Start 113: LabWorkloadTest.RejectsExternalWritesWhileTheDeterministicRunnerOwnsTheWritePath
113/117 Test #113: LabWorkloadTest.RejectsExternalWritesWhileTheDeterministicRunnerOwnsTheWritePath .....   Passed    0.03 sec
        Start 114: RecoveryLabTest.RunsAllScenariosOnlyInsideServerOwnedSandboxes
114/117 Test #114: RecoveryLabTest.RunsAllScenariosOnlyInsideServerOwnedSandboxes .......................   Passed    0.04 sec
        Start 115: RecoveryLabTest.RejectsSandboxPathThatResolvesOutsideTheServerRoot
115/117 Test #115: RecoveryLabTest.RejectsSandboxPathThatResolvesOutsideTheServerRoot ...................   Passed    0.01 sec
        Start 116: LabServerHttpTest.ServesLiveOperationsStateStorageAndReconnectableEvents
116/117 Test #116: LabServerHttpTest.ServesLiveOperationsStateStorageAndReconnectableEvents .............   Passed    0.06 sec
        Start 117: LabServerStaticTest.ServesPackagedUiFilesAndRejectsOversizedRecoveryRequests
117/117 Test #117: LabServerStaticTest.ServesPackagedUiFilesAndRejectsOversizedRecoveryRequests .........   Passed    0.04 sec

100% tests passed, 0 tests failed out of 117

Total Test time (real) =   4.06 sec
+ cmake --preset release
Preset CMake variables:

  BUILD_TESTING:BOOL="FALSE"
  CMAKE_BUILD_TYPE="Release"
  CMAKE_EXPORT_COMPILE_COMMANDS:BOOL="TRUE"
  TINYLSM_BUILD_TOOLS:BOOL="TRUE"

-- Using the multi-header code from /home/tina.guest/tinylsm-goal4-20260908/build/release/_deps/nlohmann_json-src/include/
-- 
-- 29.3.0
-- Configuring done (0.2s)
-- Generating done (0.0s)
-- Build files have been written to: /home/tina.guest/tinylsm-goal4-20260908/build/release
+ cmake --build --preset release
ninja: no work to do.
+ cmake --preset benchmark
Preset CMake variables:

  BUILD_TESTING:BOOL="FALSE"
  CMAKE_BUILD_TYPE="Release"
  CMAKE_EXPORT_COMPILE_COMMANDS:BOOL="TRUE"
  TINYLSM_BENCHMARK_LEVELDB:BOOL="TRUE"
  TINYLSM_BUILD_BENCHMARKS:BOOL="TRUE"
  TINYLSM_BUILD_TOOLS:BOOL="FALSE"

-- 
-- 29.3.0
-- Google Benchmark version: v1.9.5, normalized to 1.9.5
-- Configuring done (0.2s)
-- Generating done (0.0s)
-- Build files have been written to: /home/tina.guest/tinylsm-goal4-20260908/build/benchmark
+ cmake --build --preset benchmark
ninja: no work to do.
+ /home/tina.guest/tinylsm-goal4-20260908/build/benchmark/benchmarks/tinylsm_bench --benchmark_filter=\^TinyLSM/Snapshot\(MaterializedScan\|Iterator\|RetentionHeld\|RetentionReleased\|WriterOverlap\) --benchmark_out=/home/tina.guest/tinylsm-goal4-20260908/artifacts/final-run1/snapshot-goal4.json --benchmark_out_format=json --benchmark_report_aggregates_only=true --benchmark_display_aggregates_only=true --benchmark_enable_random_interleaving=true
2026-09-08T22:58:40+08:00
Running /home/tina.guest/tinylsm-goal4-20260908/build/benchmark/benchmarks/tinylsm_bench
Run on (4 X 48 MHz CPU s)
Load Average: 1.32, 2.35, 1.73
--------------------------------------------------------------------------------------------------------------------------------------------------
Benchmark                                                                                        Time             CPU   Iterations UserCounters...
--------------------------------------------------------------------------------------------------------------------------------------------------
TinyLSM/SnapshotIterator10K/iterations:1/repeats:5/manual_time_mean                        9279737 ns     24461125 ns            5 bytes_per_second=1.1661Gi/s first_result_ns=296.396k items_per_second=10.7939M/s operations=100k ops_per_second=10.7939M/s peak_rss_kb=619.802k snapshot_sequence=10k
TinyLSM/SnapshotIterator10K/iterations:1/repeats:5/manual_time_median                      9452598 ns     24624832 ns            5 bytes_per_second=1.1429Gi/s first_result_ns=297.272k items_per_second=10.5791M/s operations=100k ops_per_second=10.5791M/s peak_rss_kb=575.536k snapshot_sequence=10k
TinyLSM/SnapshotIterator10K/iterations:1/repeats:5/manual_time_stddev                       418319 ns       462497 ns            5 bytes_per_second=54.4512Mi/s first_result_ns=6.38597k items_per_second=492.209k/s operations=833u ops_per_second=492.209k/s peak_rss_kb=98.9827k snapshot_sequence=83.3u
TinyLSM/SnapshotIterator10K/iterations:1/repeats:5/manual_time_cv                             4.51 %          1.89 %             5 bytes_per_second=4.56% first_result_ns=2.15% items_per_second=4.56% operations=0.00% ops_per_second=4.56% peak_rss_kb=15.97% snapshot_sequence=0.00%
TinyLSM/SnapshotRetentionReleased60s/iterations:1/repeats:5/manual_time_mean              23829836 ns     35112907 ns            5 active_snapshots=0 bytes_per_second=64.9984Mi/s items_per_second=587.55k/s operations=14k ops_per_second=587.55k/s overwrite_generations=6 retained_bytes=232.05k retained_versions=2.005k
TinyLSM/SnapshotRetentionReleased60s/iterations:1/repeats:5/manual_time_median            23861315 ns     35117828 ns            5 active_snapshots=0 bytes_per_second=64.907Mi/s items_per_second=586.724k/s operations=14k ops_per_second=586.724k/s overwrite_generations=6 retained_bytes=232.05k retained_versions=2.005k
TinyLSM/SnapshotRetentionReleased60s/iterations:1/repeats:5/manual_time_stddev              247995 ns       241395 ns            5 active_snapshots=0 bytes_per_second=696.598Ki/s items_per_second=6.14928k/s operations=116.62u ops_per_second=6.14928k/s overwrite_generations=49.98n retained_bytes=1.93298m retained_versions=16.7017u
TinyLSM/SnapshotRetentionReleased60s/iterations:1/repeats:5/manual_time_cv                    1.04 %          0.69 %             5 active_snapshots=0.00% bytes_per_second=1.05% items_per_second=1.05% operations=0.00% ops_per_second=1.05% overwrite_generations=0.00% retained_bytes=0.00% retained_versions=0.00%
TinyLSM/SnapshotWriterOverlapIterator/iterations:1/repeats:5/manual_time_mean             12108607 ns    151956766 ns            5 bytes_per_second=965.436Mi/s items_per_second=8.727M/s operations=105k ops_per_second=8.727M/s write_lock_acquisitions=5k write_lock_wait_ns=4.5491M writer_p50_us=1.4488 writer_p95_us=1.6746 writer_p99_us=2.1768
TinyLSM/SnapshotWriterOverlapIterator/iterations:1/repeats:5/manual_time_median           11785417 ns    151870373 ns            5 bytes_per_second=985.604Mi/s items_per_second=8.90932M/s operations=105k ops_per_second=8.90932M/s write_lock_acquisitions=5k write_lock_wait_ns=4.11208M writer_p50_us=1.464 writer_p95_us=1.672 writer_p99_us=2.146
TinyLSM/SnapshotWriterOverlapIterator/iterations:1/repeats:5/manual_time_stddev            1138363 ns       316967 ns            5 bytes_per_second=81.6891Mi/s items_per_second=738.424k/s operations=874.65u ops_per_second=738.424k/s write_lock_acquisitions=41.65u write_lock_wait_ns=1.14029M writer_p50_us=0.022687 writer_p95_us=0.0619136 writer_p99_us=0.0762312
TinyLSM/SnapshotWriterOverlapIterator/iterations:1/repeats:5/manual_time_cv                   9.40 %          0.21 %             5 bytes_per_second=8.46% items_per_second=8.46% operations=0.00% ops_per_second=8.46% write_lock_acquisitions=0.00% write_lock_wait_ns=25.07% writer_p50_us=1.57% writer_p95_us=3.70% writer_p99_us=3.50%
TinyLSM/SnapshotRetentionHeld10s/iterations:1/repeats:5/manual_time_mean                  17428613 ns     16385309 ns            5 active_snapshots=1 bytes_per_second=25.3923Mi/s items_per_second=229.532k/s operations=4k ops_per_second=229.532k/s overwrite_generations=1 retained_bytes=464k retained_versions=4k
TinyLSM/SnapshotRetentionHeld10s/iterations:1/repeats:5/manual_time_median                17414080 ns     16323418 ns            5 active_snapshots=1 bytes_per_second=25.4108Mi/s items_per_second=229.699k/s operations=4k ops_per_second=229.699k/s overwrite_generations=1 retained_bytes=464k retained_versions=4k
TinyLSM/SnapshotRetentionHeld10s/iterations:1/repeats:5/manual_time_stddev                  202318 ns        94088 ns            5 active_snapshots=8.33n bytes_per_second=301.292Ki/s items_per_second=2.65968k/s operations=33.32u ops_per_second=2.65968k/s overwrite_generations=8.33n retained_bytes=3.86512m retained_versions=33.32u
TinyLSM/SnapshotRetentionHeld10s/iterations:1/repeats:5/manual_time_cv                        1.16 %          0.57 %             5 active_snapshots=0.00% bytes_per_second=1.16% items_per_second=1.16% operations=0.00% ops_per_second=1.16% overwrite_generations=0.00% retained_bytes=0.00% retained_versions=0.00%
TinyLSM/SnapshotWriterOverlapMaterializedScan/iterations:1/repeats:5/manual_time_mean     16029127 ns    154162775 ns            5 bytes_per_second=739.791Mi/s items_per_second=6.6873M/s operations=105k ops_per_second=6.6873M/s write_lock_acquisitions=5k write_lock_wait_ns=4.98576M writer_p50_us=1.4698 writer_p95_us=1.8118 writer_p99_us=2.3882
TinyLSM/SnapshotWriterOverlapMaterializedScan/iterations:1/repeats:5/manual_time_median   14850351 ns    153226666 ns            5 bytes_per_second=782.187Mi/s items_per_second=7.07054M/s operations=105k ops_per_second=7.07054M/s write_lock_acquisitions=5k write_lock_wait_ns=4.1567M writer_p50_us=1.463 writer_p95_us=1.668 writer_p99_us=2.21
TinyLSM/SnapshotWriterOverlapMaterializedScan/iterations:1/repeats:5/manual_time_stddev    2827611 ns      3518287 ns            5 bytes_per_second=107.39Mi/s items_per_second=970.749k/s operations=874.65u ops_per_second=970.749k/s write_lock_acquisitions=41.65u write_lock_wait_ns=2.12882M writer_p50_us=0.0186735 writer_p95_us=0.342093 writer_p99_us=0.441349
TinyLSM/SnapshotWriterOverlapMaterializedScan/iterations:1/repeats:5/manual_time_cv          17.64 %          2.28 %             5 bytes_per_second=14.52% items_per_second=14.52% operations=0.00% ops_per_second=14.52% write_lock_acquisitions=0.00% write_lock_wait_ns=42.70% writer_p50_us=1.27% writer_p95_us=18.88% writer_p99_us=18.48%
TinyLSM/SnapshotIterator1000K/iterations:1/repeats:5/manual_time_mean                   1147384478 ns   2743912207 ns            5 bytes_per_second=964.188Mi/s first_result_ns=54.4947M items_per_second=8.71573M/s operations=10M ops_per_second=8.71573M/s peak_rss_kb=646.688k snapshot_sequence=1M
TinyLSM/SnapshotIterator1000K/iterations:1/repeats:5/manual_time_median                 1144578765 ns   2726239200 ns            5 bytes_per_second=966.523Mi/s first_result_ns=54.0335M items_per_second=8.73684M/s operations=10M ops_per_second=8.73684M/s peak_rss_kb=653.664k snapshot_sequence=1M
TinyLSM/SnapshotIterator1000K/iterations:1/repeats:5/manual_time_stddev                    6909736 ns     46547961 ns            5 bytes_per_second=5.7935Mi/s first_result_ns=2.10541M items_per_second=52.37k/s operations=0.0833 ops_per_second=52.37k/s peak_rss_kb=23.5125k snapshot_sequence=8.33m
TinyLSM/SnapshotIterator1000K/iterations:1/repeats:5/manual_time_cv                           0.60 %          1.70 %             5 bytes_per_second=0.60% first_result_ns=3.86% items_per_second=0.60% operations=0.00% ops_per_second=0.60% peak_rss_kb=3.64% snapshot_sequence=0.00%
TinyLSM/SnapshotMaterializedScan10K/iterations:1/repeats:5/manual_time_mean               13150136 ns     28308959 ns            5 bytes_per_second=842.155Mi/s first_result_ns=1.15971M items_per_second=7.61262M/s operations=100k ops_per_second=7.61262M/s peak_rss_kb=584.486k snapshot_sequence=10k
TinyLSM/SnapshotMaterializedScan10K/iterations:1/repeats:5/manual_time_median             13280599 ns     28432292 ns            5 bytes_per_second=832.991Mi/s first_result_ns=1.17421M items_per_second=7.52978M/s operations=100k ops_per_second=7.52978M/s peak_rss_kb=575.536k snapshot_sequence=10k
TinyLSM/SnapshotMaterializedScan10K/iterations:1/repeats:5/manual_time_stddev               473524 ns       478057 ns            5 bytes_per_second=31.2595Mi/s first_result_ns=47.9997k items_per_second=282.568k/s operations=833u ops_per_second=282.568k/s peak_rss_kb=12.9881k snapshot_sequence=83.3u
TinyLSM/SnapshotMaterializedScan10K/iterations:1/repeats:5/manual_time_cv                     3.60 %          1.69 %             5 bytes_per_second=3.71% first_result_ns=4.14% items_per_second=3.71% operations=0.00% ops_per_second=3.71% peak_rss_kb=2.22% snapshot_sequence=0.00%
TinyLSM/SnapshotRetentionHeld60s/iterations:1/repeats:5/manual_time_mean                  46399344 ns     57247126 ns            5 active_snapshots=1 bytes_per_second=33.3796Mi/s items_per_second=301.733k/s operations=14k ops_per_second=301.733k/s overwrite_generations=6 retained_bytes=1.62405M retained_versions=14.005k
TinyLSM/SnapshotRetentionHeld60s/iterations:1/repeats:5/manual_time_median                46485988 ns     57216296 ns            5 active_snapshots=1 bytes_per_second=33.3169Mi/s items_per_second=301.166k/s operations=14k ops_per_second=301.166k/s overwrite_generations=6 retained_bytes=1.62405M retained_versions=14.005k
TinyLSM/SnapshotRetentionHeld60s/iterations:1/repeats:5/manual_time_stddev                  200802 ns       167855 ns            5 active_snapshots=8.33n bytes_per_second=148.15Ki/s items_per_second=1.3078k/s operations=116.62u ops_per_second=1.3078k/s overwrite_generations=49.98n retained_bytes=0.0135283 retained_versions=116.662u
TinyLSM/SnapshotRetentionHeld60s/iterations:1/repeats:5/manual_time_cv                        0.43 %          0.29 %             5 active_snapshots=0.00% bytes_per_second=0.43% items_per_second=0.43% operations=0.00% ops_per_second=0.43% overwrite_generations=0.00% retained_bytes=0.00% retained_versions=0.00%
TinyLSM/SnapshotMaterializedScan100K/iterations:1/repeats:5/manual_time_mean             139309356 ns    290262665 ns            5 bytes_per_second=794.929Mi/s first_result_ns=12.2999M items_per_second=7.18572M/s operations=1M ops_per_second=7.18572M/s peak_rss_kb=588.31k snapshot_sequence=100k
TinyLSM/SnapshotMaterializedScan100K/iterations:1/repeats:5/manual_time_median           140958618 ns    291748875 ns            5 bytes_per_second=784.813Mi/s first_result_ns=12.4509M items_per_second=7.09428M/s operations=1M ops_per_second=7.09428M/s peak_rss_kb=595.892k snapshot_sequence=100k
TinyLSM/SnapshotMaterializedScan100K/iterations:1/repeats:5/manual_time_stddev             4914348 ns      4477449 ns            5 bytes_per_second=29.206Mi/s first_result_ns=483.19k items_per_second=264.006k/s operations=8.33m ops_per_second=264.006k/s peak_rss_kb=11.7174k snapshot_sequence=833u
TinyLSM/SnapshotMaterializedScan100K/iterations:1/repeats:5/manual_time_cv                    3.53 %          1.54 %             5 bytes_per_second=3.67% first_result_ns=3.93% items_per_second=3.67% operations=0.00% ops_per_second=3.67% peak_rss_kb=1.99% snapshot_sequence=0.00%
TinyLSM/SnapshotIterator100K/iterations:1/repeats:5/manual_time_mean                      99812691 ns    251265216 ns            5 bytes_per_second=1.08286Gi/s first_result_ns=3.50361M items_per_second=10.0234M/s operations=1M ops_per_second=10.0234M/s peak_rss_kb=489.422k snapshot_sequence=100k
TinyLSM/SnapshotIterator100K/iterations:1/repeats:5/manual_time_median                    98913061 ns    251391332 ns            5 bytes_per_second=1.09221Gi/s first_result_ns=3.47176M items_per_second=10.1099M/s operations=1M ops_per_second=10.1099M/s peak_rss_kb=575.536k snapshot_sequence=100k
TinyLSM/SnapshotIterator100K/iterations:1/repeats:5/manual_time_stddev                     2413661 ns      2222973 ns            5 bytes_per_second=26.6397Mi/s first_result_ns=144.891k items_per_second=240.808k/s operations=8.33m ops_per_second=240.808k/s peak_rss_kb=218.758k snapshot_sequence=833u
TinyLSM/SnapshotIterator100K/iterations:1/repeats:5/manual_time_cv                            2.42 %          0.88 %             5 bytes_per_second=2.40% first_result_ns=4.14% items_per_second=2.40% operations=0.00% ops_per_second=2.40% peak_rss_kb=44.70% snapshot_sequence=0.00%
TinyLSM/SnapshotMaterializedScan1000K/iterations:1/repeats:5/manual_time_mean           1517003437 ns   3084556706 ns            5 bytes_per_second=729.439Mi/s first_result_ns=140.984M items_per_second=6.59373M/s operations=10M ops_per_second=6.59373M/s peak_rss_kb=853.32k snapshot_sequence=1M
TinyLSM/SnapshotMaterializedScan1000K/iterations:1/repeats:5/manual_time_median         1519076502 ns   3082864823 ns            5 bytes_per_second=728.247Mi/s first_result_ns=141.284M items_per_second=6.58295M/s operations=10M ops_per_second=6.58295M/s peak_rss_kb=862.144k snapshot_sequence=1M
TinyLSM/SnapshotMaterializedScan1000K/iterations:1/repeats:5/manual_time_stddev           27795950 ns     34865727 ns            5 bytes_per_second=13.4676Mi/s first_result_ns=2.78611M items_per_second=121.74k/s operations=0.0833 ops_per_second=121.74k/s peak_rss_kb=18.2483k snapshot_sequence=8.33m
TinyLSM/SnapshotMaterializedScan1000K/iterations:1/repeats:5/manual_time_cv                   1.83 %          1.13 %             5 bytes_per_second=1.85% first_result_ns=1.98% items_per_second=1.85% operations=0.00% ops_per_second=1.85% peak_rss_kb=2.14% snapshot_sequence=0.00%
TinyLSM/SnapshotRetentionHeld0s/iterations:1/repeats:5/manual_time_mean                   12084193 ns     10674668 ns            5 active_snapshots=1 bytes_per_second=18.3207Mi/s items_per_second=165.609k/s operations=2k ops_per_second=165.609k/s overwrite_generations=0 retained_bytes=232k retained_versions=2k
TinyLSM/SnapshotRetentionHeld0s/iterations:1/repeats:5/manual_time_median                 12238362 ns      8327583 ns            5 active_snapshots=1 bytes_per_second=18.0786Mi/s items_per_second=163.421k/s operations=2k ops_per_second=163.421k/s overwrite_generations=0 retained_bytes=232k retained_versions=2k
TinyLSM/SnapshotRetentionHeld0s/iterations:1/repeats:5/manual_time_stddev                   336306 ns      3300346 ns            5 active_snapshots=8.33n bytes_per_second=526.484Ki/s items_per_second=4.64758k/s operations=16.66u ops_per_second=4.64758k/s overwrite_generations=0 retained_bytes=1.93256m retained_versions=16.66u
TinyLSM/SnapshotRetentionHeld0s/iterations:1/repeats:5/manual_time_cv                         2.78 %         30.92 %             5 active_snapshots=0.00% bytes_per_second=2.81% items_per_second=2.81% operations=0.00% ops_per_second=2.81% overwrite_generations=0.00% retained_bytes=0.00% retained_versions=0.00%
	Command being timed: "./run benchmark -- --benchmark_filter=^TinyLSM/Snapshot(MaterializedScan|Iterator|RetentionHeld|RetentionReleased|WriterOverlap) --benchmark_out=/home/tina.guest/tinylsm-goal4-20260908/artifacts/final-run1/snapshot-goal4.json --benchmark_out_format=json --benchmark_report_aggregates_only=true --benchmark_display_aggregates_only=true --benchmark_enable_random_interleaving=true"
	User time (seconds): 30.93
	System time (seconds): 4.18
	Percent of CPU this job got: 99%
	Elapsed (wall clock) time (h:mm:ss or m:ss): 0:35.37
	Average shared text size (kbytes): 0
	Average unshared data size (kbytes): 0
	Average stack size (kbytes): 0
	Average total size (kbytes): 0
	Maximum resident set size (kbytes): 861896
	Average resident set size (kbytes): 0
	Major (requiring I/O) page faults: 0
	Minor (reclaiming a frame) page faults: 2477962
	Voluntary context switches: 2894
	Involuntary context switches: 157
	Swaps: 0
	File system inputs: 0
	File system outputs: 3644024
	Socket messages sent: 0
	Socket messages received: 0
	Signals delivered: 0
	Page size (bytes): 4096
	Exit status: 0
-- verified /home/tina.guest/tinylsm-goal4-20260908/artifacts/final-run1/snapshot-goal4.json: 12 complete Snapshot/MVCC medians
Linux Goal 4 artifacts: /home/tina.guest/tinylsm-goal4-20260908/artifacts/final-run1
